2024-02-09 18:42:58,026 - root - WARNING - leagues: ['esp', 'ing', 'ger', 'fra']
2024-02-09 18:42:58,028 - root - WARNING - seasons: ['1718']
2024-02-09 18:43:00,979 - root - INFO - Scrapping...
2024-02-09 18:43:00,981 - root - INFO - Saving cached data to F:\TFG\code\scrapping\cache
2024-02-09 18:43:06,814 - root - INFO - reading schedule...
2024-02-09 18:43:06,816 - root - DEBUG - Retrieving https://www.whoscored.com from cache
2024-02-09 18:43:06,824 - root - DEBUG - Retrieving https://www.whoscored.com/Regions/252/Tournaments/2/England-Premier-League from cache
2024-02-09 18:43:06,844 - root - DEBUG - Retrieving https://www.whoscored.com/Regions/206/Tournaments/4/Spain-LaLiga from cache
2024-02-09 18:43:06,862 - root - DEBUG - Retrieving https://www.whoscored.com/Regions/74/Tournaments/22/France-Ligue-1 from cache
2024-02-09 18:43:06,882 - root - DEBUG - Retrieving https://www.whoscored.com/Regions/81/Tournaments/3/Germany-Bundesliga from cache
2024-02-09 18:43:11,451 - root - INFO - Scraping game schedule from https://www.whoscored.com/Regions/206/Tournaments/4/Seasons/6960/Spain-LaLiga
2024-02-09 18:43:11,512 - root - INFO - Scraping game schedule for Friday, May 4 2018
2024-02-09 18:43:11,596 - root - INFO - Scraping game schedule for Saturday, May 5 2018
2024-02-09 18:43:11,832 - root - INFO - Scraping game schedule for Sunday, May 6 2018
2024-02-09 18:43:12,090 - root - INFO - Scraping game schedule for Monday, May 7 2018
2024-02-09 18:43:12,169 - root - INFO - Scraping game schedule for Wednesday, May 9 2018
2024-02-09 18:43:12,304 - root - INFO - Scraping game schedule for Saturday, May 12 2018
2024-02-09 18:43:12,796 - root - INFO - Scraping game schedule for Sunday, May 13 2018
2024-02-09 18:43:12,939 - root - INFO - Scraping game schedule for Saturday, May 19 2018
2024-02-09 18:43:13,311 - root - INFO - Scraping game schedule for Sunday, May 20 2018
2024-02-09 18:43:18,714 - root - INFO - Scraping game schedule for Friday, May 4 2018
2024-02-09 18:43:18,773 - root - INFO - Scraping game schedule for Saturday, May 5 2018
2024-02-09 18:43:18,970 - root - INFO - Scraping game schedule for Sunday, May 6 2018
2024-02-09 18:43:19,161 - root - INFO - Scraping game schedule for Monday, May 7 2018
2024-02-09 18:43:19,229 - root - INFO - Scraping game schedule for Wednesday, May 9 2018
2024-02-09 18:43:19,332 - root - INFO - Scraping game schedule for Saturday, May 12 2018
2024-02-09 18:43:19,699 - root - INFO - Scraping game schedule for Sunday, May 13 2018
2024-02-09 18:43:19,805 - root - INFO - Scraping game schedule for Saturday, May 19 2018
2024-02-09 18:43:20,076 - root - INFO - Scraping game schedule for Sunday, May 20 2018
2024-02-09 18:43:25,394 - root - INFO - Scraping game schedule for Friday, May 4 2018
2024-02-09 18:43:25,454 - root - INFO - Scraping game schedule for Saturday, May 5 2018
2024-02-09 18:43:25,648 - root - INFO - Scraping game schedule for Sunday, May 6 2018
2024-02-09 18:43:25,834 - root - INFO - Scraping game schedule for Monday, May 7 2018
2024-02-09 18:43:25,894 - root - INFO - Scraping game schedule for Wednesday, May 9 2018
2024-02-09 18:43:26,000 - root - INFO - Scraping game schedule for Saturday, May 12 2018
2024-02-09 18:43:26,366 - root - INFO - Scraping game schedule for Sunday, May 13 2018
2024-02-09 18:43:26,473 - root - INFO - Scraping game schedule for Saturday, May 19 2018
2024-02-09 18:43:26,753 - root - INFO - Scraping game schedule for Sunday, May 20 2018
2024-02-09 18:43:32,105 - root - INFO - Scraping game schedule for Friday, May 4 2018
2024-02-09 18:43:32,184 - root - INFO - Scraping game schedule for Saturday, May 5 2018
2024-02-09 18:43:32,388 - root - INFO - Scraping game schedule for Sunday, May 6 2018
2024-02-09 18:43:32,578 - root - INFO - Scraping game schedule for Monday, May 7 2018
2024-02-09 18:43:32,637 - root - INFO - Scraping game schedule for Wednesday, May 9 2018
2024-02-09 18:43:32,749 - root - INFO - Scraping game schedule for Saturday, May 12 2018
2024-02-09 18:43:33,098 - root - INFO - Scraping game schedule for Sunday, May 13 2018
2024-02-09 18:43:33,198 - root - INFO - Scraping game schedule for Saturday, May 19 2018
2024-02-09 18:43:33,482 - root - INFO - Scraping game schedule for Sunday, May 20 2018
2024-02-09 18:43:38,943 - root - INFO - Scraping game schedule for Friday, May 4 2018
2024-02-09 18:43:39,004 - root - INFO - Scraping game schedule for Saturday, May 5 2018
2024-02-09 18:43:39,200 - root - INFO - Scraping game schedule for Sunday, May 6 2018
2024-02-09 18:43:39,418 - root - INFO - Scraping game schedule for Monday, May 7 2018
2024-02-09 18:43:39,477 - root - INFO - Scraping game schedule for Wednesday, May 9 2018
2024-02-09 18:43:39,586 - root - INFO - Scraping game schedule for Saturday, May 12 2018
2024-02-09 18:43:39,986 - root - INFO - Scraping game schedule for Sunday, May 13 2018
2024-02-09 18:43:40,115 - root - INFO - Scraping game schedule for Saturday, May 19 2018
2024-02-09 18:43:40,468 - root - INFO - Scraping game schedule for Sunday, May 20 2018
2024-02-09 18:43:45,868 - root - INFO - Scraping game schedule for Friday, May 4 2018
2024-02-09 18:43:45,931 - root - INFO - Scraping game schedule for Saturday, May 5 2018
2024-02-09 18:43:46,148 - root - INFO - Scraping game schedule for Sunday, May 6 2018
2024-02-09 18:43:46,404 - root - INFO - Scraping game schedule for Monday, May 7 2018
2024-02-09 18:43:46,488 - root - INFO - Scraping game schedule for Wednesday, May 9 2018
2024-02-09 18:43:46,641 - root - INFO - Scraping game schedule for Saturday, May 12 2018
2024-02-09 18:43:47,172 - root - INFO - Scraping game schedule for Sunday, May 13 2018
2024-02-09 18:43:47,319 - root - INFO - Scraping game schedule for Saturday, May 19 2018
2024-02-09 18:43:47,733 - root - INFO - Scraping game schedule for Sunday, May 20 2018
2024-02-09 18:43:53,174 - root - INFO - Scraping game schedule for Friday, May 4 2018
2024-02-09 18:43:53,235 - root - INFO - Scraping game schedule for Saturday, May 5 2018
2024-02-09 18:43:53,427 - root - INFO - Scraping game schedule for Sunday, May 6 2018
2024-02-09 18:43:53,629 - root - INFO - Scraping game schedule for Monday, May 7 2018
2024-02-09 18:43:53,688 - root - INFO - Scraping game schedule for Wednesday, May 9 2018
2024-02-09 18:43:53,800 - root - INFO - Scraping game schedule for Saturday, May 12 2018
2024-02-09 18:43:54,159 - root - INFO - Scraping game schedule for Sunday, May 13 2018
2024-02-09 18:43:54,261 - root - INFO - Scraping game schedule for Saturday, May 19 2018
2024-02-09 18:43:54,558 - root - INFO - Scraping game schedule for Sunday, May 20 2018
2024-02-09 18:43:59,933 - root - INFO - Scraping game schedule for Friday, May 4 2018
2024-02-09 18:43:59,993 - root - INFO - Scraping game schedule for Saturday, May 5 2018
2024-02-09 18:44:00,177 - root - INFO - Scraping game schedule for Sunday, May 6 2018
2024-02-09 18:44:00,368 - root - INFO - Scraping game schedule for Monday, May 7 2018
2024-02-09 18:44:00,426 - root - INFO - Scraping game schedule for Wednesday, May 9 2018
2024-02-09 18:44:00,533 - root - INFO - Scraping game schedule for Saturday, May 12 2018
2024-02-09 18:44:00,881 - root - INFO - Scraping game schedule for Sunday, May 13 2018
2024-02-09 18:44:00,987 - root - INFO - Scraping game schedule for Saturday, May 19 2018
2024-02-09 18:44:01,348 - root - INFO - Scraping game schedule for Sunday, May 20 2018
2024-02-09 18:44:06,737 - root - INFO - Scraping game schedule for Friday, May 4 2018
2024-02-09 18:44:06,796 - root - INFO - Scraping game schedule for Saturday, May 5 2018
2024-02-09 18:44:06,994 - root - INFO - Scraping game schedule for Sunday, May 6 2018
2024-02-09 18:44:07,215 - root - INFO - Scraping game schedule for Monday, May 7 2018
2024-02-09 18:44:07,275 - root - INFO - Scraping game schedule for Wednesday, May 9 2018
2024-02-09 18:44:07,405 - root - INFO - Scraping game schedule for Saturday, May 12 2018
2024-02-09 18:44:07,836 - root - INFO - Scraping game schedule for Sunday, May 13 2018
2024-02-09 18:44:07,966 - root - INFO - Scraping game schedule for Saturday, May 19 2018
2024-02-09 18:44:08,249 - root - INFO - Scraping game schedule for Sunday, May 20 2018
2024-02-09 18:44:13,566 - root - INFO - Scraping game schedule for Friday, May 4 2018
2024-02-09 18:44:13,625 - root - INFO - Scraping game schedule for Saturday, May 5 2018
2024-02-09 18:44:13,815 - root - INFO - Scraping game schedule for Sunday, May 6 2018
2024-02-09 18:44:13,998 - root - INFO - Scraping game schedule for Monday, May 7 2018
2024-02-09 18:44:14,058 - root - INFO - Scraping game schedule for Wednesday, May 9 2018
2024-02-09 18:44:14,159 - root - INFO - Scraping game schedule for Saturday, May 12 2018
2024-02-09 18:44:14,530 - root - INFO - Scraping game schedule for Sunday, May 13 2018
2024-02-09 18:44:14,662 - root - INFO - Scraping game schedule for Saturday, May 19 2018
2024-02-09 18:44:15,006 - root - INFO - Scraping game schedule for Sunday, May 20 2018
2024-02-09 18:44:20,371 - root - INFO - Scraping game schedule for Friday, May 4 2018
2024-02-09 18:44:20,458 - root - INFO - Scraping game schedule for Saturday, May 5 2018
2024-02-09 18:44:20,713 - root - INFO - Scraping game schedule for Sunday, May 6 2018
2024-02-09 18:44:20,900 - root - INFO - Scraping game schedule for Monday, May 7 2018
2024-02-09 18:44:20,959 - root - INFO - Scraping game schedule for Wednesday, May 9 2018
2024-02-09 18:44:21,060 - root - INFO - Scraping game schedule for Saturday, May 12 2018
2024-02-09 18:44:21,474 - root - INFO - Scraping game schedule for Sunday, May 13 2018
2024-02-09 18:44:21,602 - root - INFO - Scraping game schedule for Saturday, May 19 2018
2024-02-09 18:44:21,955 - root - INFO - Scraping game schedule for Sunday, May 20 2018
2024-02-09 18:44:27,322 - root - INFO - Scraping game schedule for Friday, May 4 2018
2024-02-09 18:44:27,381 - root - INFO - Scraping game schedule for Saturday, May 5 2018
2024-02-09 18:44:27,572 - root - INFO - Scraping game schedule for Sunday, May 6 2018
2024-02-09 18:44:27,754 - root - INFO - Scraping game schedule for Monday, May 7 2018
2024-02-09 18:44:27,813 - root - INFO - Scraping game schedule for Wednesday, May 9 2018
2024-02-09 18:44:27,915 - root - INFO - Scraping game schedule for Saturday, May 12 2018
2024-02-09 18:44:28,293 - root - INFO - Scraping game schedule for Sunday, May 13 2018
2024-02-09 18:44:28,407 - root - INFO - Scraping game schedule for Saturday, May 19 2018
2024-02-09 18:44:28,677 - root - INFO - Scraping game schedule for Sunday, May 20 2018
2024-02-09 18:44:33,972 - root - INFO - Scraping game schedule for Friday, May 4 2018
2024-02-09 18:44:34,031 - root - INFO - Scraping game schedule for Saturday, May 5 2018
2024-02-09 18:44:34,224 - root - INFO - Scraping game schedule for Sunday, May 6 2018
2024-02-09 18:44:34,408 - root - INFO - Scraping game schedule for Monday, May 7 2018
2024-02-09 18:44:34,466 - root - INFO - Scraping game schedule for Wednesday, May 9 2018
2024-02-09 18:44:34,578 - root - INFO - Scraping game schedule for Saturday, May 12 2018
2024-02-09 18:44:34,925 - root - INFO - Scraping game schedule for Sunday, May 13 2018
2024-02-09 18:44:35,025 - root - INFO - Scraping game schedule for Saturday, May 19 2018
2024-02-09 18:44:35,292 - root - INFO - Scraping game schedule for Sunday, May 20 2018
2024-02-09 18:44:40,601 - root - INFO - Scraping game schedule for Friday, May 4 2018
2024-02-09 18:44:40,666 - root - INFO - Scraping game schedule for Saturday, May 5 2018
2024-02-09 18:44:40,876 - root - INFO - Scraping game schedule for Sunday, May 6 2018
2024-02-09 18:44:41,080 - root - INFO - Scraping game schedule for Monday, May 7 2018
2024-02-09 18:44:41,140 - root - INFO - Scraping game schedule for Wednesday, May 9 2018
2024-02-09 18:44:41,250 - root - INFO - Scraping game schedule for Saturday, May 12 2018
2024-02-09 18:44:41,603 - root - INFO - Scraping game schedule for Sunday, May 13 2018
2024-02-09 18:44:41,705 - root - INFO - Scraping game schedule for Saturday, May 19 2018
2024-02-09 18:44:41,976 - root - INFO - Scraping game schedule for Sunday, May 20 2018
2024-02-09 18:44:47,269 - root - INFO - Scraping game schedule for Friday, May 4 2018
2024-02-09 18:44:47,331 - root - INFO - Scraping game schedule for Saturday, May 5 2018
2024-02-09 18:44:47,513 - root - INFO - Scraping game schedule for Sunday, May 6 2018
2024-02-09 18:44:47,706 - root - INFO - Scraping game schedule for Monday, May 7 2018
2024-02-09 18:44:47,765 - root - INFO - Scraping game schedule for Wednesday, May 9 2018
2024-02-09 18:44:47,866 - root - INFO - Scraping game schedule for Saturday, May 12 2018
2024-02-09 18:44:48,226 - root - INFO - Scraping game schedule for Sunday, May 13 2018
2024-02-09 18:44:48,328 - root - INFO - Scraping game schedule for Saturday, May 19 2018
2024-02-09 18:44:48,595 - root - INFO - Scraping game schedule for Sunday, May 20 2018
2024-02-09 18:44:53,890 - root - INFO - Scraping game schedule for Friday, May 4 2018
2024-02-09 18:44:53,950 - root - INFO - Scraping game schedule for Saturday, May 5 2018
2024-02-09 18:44:54,141 - root - INFO - Scraping game schedule for Sunday, May 6 2018
2024-02-09 18:44:54,324 - root - INFO - Scraping game schedule for Monday, May 7 2018
2024-02-09 18:44:54,384 - root - INFO - Scraping game schedule for Wednesday, May 9 2018
2024-02-09 18:44:54,494 - root - INFO - Scraping game schedule for Saturday, May 12 2018
2024-02-09 18:44:54,842 - root - INFO - Scraping game schedule for Sunday, May 13 2018
2024-02-09 18:44:54,942 - root - INFO - Scraping game schedule for Saturday, May 19 2018
2024-02-09 18:44:55,206 - root - INFO - Scraping game schedule for Sunday, May 20 2018
2024-02-09 18:45:00,510 - root - INFO - Scraping game schedule for Friday, May 4 2018
2024-02-09 18:45:00,569 - root - INFO - Scraping game schedule for Saturday, May 5 2018
2024-02-09 18:45:00,760 - root - INFO - Scraping game schedule for Sunday, May 6 2018
2024-02-09 18:45:00,946 - root - INFO - Scraping game schedule for Monday, May 7 2018
2024-02-09 18:45:01,005 - root - INFO - Scraping game schedule for Wednesday, May 9 2018
2024-02-09 18:45:01,117 - root - INFO - Scraping game schedule for Saturday, May 12 2018
2024-02-09 18:45:01,487 - root - INFO - Scraping game schedule for Sunday, May 13 2018
2024-02-09 18:45:01,600 - root - INFO - Scraping game schedule for Saturday, May 19 2018
2024-02-09 18:45:01,866 - root - INFO - Scraping game schedule for Sunday, May 20 2018
2024-02-09 18:45:07,183 - root - INFO - Scraping game schedule for Friday, May 4 2018
2024-02-09 18:45:07,242 - root - INFO - Scraping game schedule for Saturday, May 5 2018
2024-02-09 18:45:07,426 - root - INFO - Scraping game schedule for Sunday, May 6 2018
2024-02-09 18:45:07,616 - root - INFO - Scraping game schedule for Monday, May 7 2018
2024-02-09 18:45:07,674 - root - INFO - Scraping game schedule for Wednesday, May 9 2018
2024-02-09 18:45:07,786 - root - INFO - Scraping game schedule for Saturday, May 12 2018
2024-02-09 18:45:08,140 - root - INFO - Scraping game schedule for Sunday, May 13 2018
2024-02-09 18:45:08,241 - root - INFO - Scraping game schedule for Saturday, May 19 2018
2024-02-09 18:45:08,508 - root - INFO - Scraping game schedule for Sunday, May 20 2018
2024-02-09 18:45:13,801 - root - INFO - Scraping game schedule for Friday, May 4 2018
2024-02-09 18:45:13,861 - root - INFO - Scraping game schedule for Saturday, May 5 2018
2024-02-09 18:45:14,056 - root - INFO - Scraping game schedule for Sunday, May 6 2018
2024-02-09 18:45:14,250 - root - INFO - Scraping game schedule for Monday, May 7 2018
2024-02-09 18:45:14,310 - root - INFO - Scraping game schedule for Wednesday, May 9 2018
2024-02-09 18:45:14,419 - root - INFO - Scraping game schedule for Saturday, May 12 2018
2024-02-09 18:45:14,833 - root - INFO - Scraping game schedule for Sunday, May 13 2018
2024-02-09 18:45:14,964 - root - INFO - Scraping game schedule for Saturday, May 19 2018
2024-02-09 18:45:15,325 - root - INFO - Scraping game schedule for Sunday, May 20 2018
2024-02-09 18:45:20,704 - root - INFO - Scraping game schedule for Friday, May 4 2018
2024-02-09 18:45:20,765 - root - INFO - Scraping game schedule for Saturday, May 5 2018
2024-02-09 18:45:20,949 - root - INFO - Scraping game schedule for Sunday, May 6 2018
2024-02-09 18:45:21,141 - root - INFO - Scraping game schedule for Monday, May 7 2018
2024-02-09 18:45:21,200 - root - INFO - Scraping game schedule for Wednesday, May 9 2018
2024-02-09 18:45:21,309 - root - INFO - Scraping game schedule for Saturday, May 12 2018
2024-02-09 18:45:21,656 - root - INFO - Scraping game schedule for Sunday, May 13 2018
2024-02-09 18:45:21,756 - root - INFO - Scraping game schedule for Saturday, May 19 2018
2024-02-09 18:45:22,023 - root - INFO - Scraping game schedule for Sunday, May 20 2018
2024-02-09 18:45:27,327 - root - INFO - Scraping game schedule for Friday, May 4 2018
2024-02-09 18:45:27,404 - root - INFO - Scraping game schedule for Saturday, May 5 2018
2024-02-09 18:45:27,609 - root - INFO - Scraping game schedule for Sunday, May 6 2018
2024-02-09 18:45:27,800 - root - INFO - Scraping game schedule for Monday, May 7 2018
2024-02-09 18:45:27,858 - root - INFO - Scraping game schedule for Wednesday, May 9 2018
2024-02-09 18:45:27,960 - root - INFO - Scraping game schedule for Saturday, May 12 2018
2024-02-09 18:45:28,316 - root - INFO - Scraping game schedule for Sunday, May 13 2018
2024-02-09 18:45:28,417 - root - INFO - Scraping game schedule for Saturday, May 19 2018
2024-02-09 18:45:28,682 - root - INFO - Scraping game schedule for Sunday, May 20 2018
2024-02-09 18:45:33,991 - root - INFO - Scraping game schedule for Friday, May 4 2018
2024-02-09 18:45:34,049 - root - INFO - Scraping game schedule for Saturday, May 5 2018
2024-02-09 18:45:34,241 - root - INFO - Scraping game schedule for Sunday, May 6 2018
2024-02-09 18:45:34,423 - root - INFO - Scraping game schedule for Monday, May 7 2018
2024-02-09 18:45:34,482 - root - INFO - Scraping game schedule for Wednesday, May 9 2018
2024-02-09 18:45:34,590 - root - INFO - Scraping game schedule for Saturday, May 12 2018
2024-02-09 18:45:34,935 - root - INFO - Scraping game schedule for Sunday, May 13 2018
2024-02-09 18:45:35,035 - root - INFO - Scraping game schedule for Saturday, May 19 2018
2024-02-09 18:45:35,300 - root - INFO - Scraping game schedule for Sunday, May 20 2018
2024-02-09 18:45:40,614 - root - INFO - Scraping game schedule for Friday, May 4 2018
2024-02-09 18:45:40,674 - root - INFO - Scraping game schedule for Saturday, May 5 2018
2024-02-09 18:45:40,867 - root - INFO - Scraping game schedule for Sunday, May 6 2018
2024-02-09 18:45:41,051 - root - INFO - Scraping game schedule for Monday, May 7 2018
2024-02-09 18:45:41,111 - root - INFO - Scraping game schedule for Wednesday, May 9 2018
2024-02-09 18:45:41,222 - root - INFO - Scraping game schedule for Saturday, May 12 2018
2024-02-09 18:45:41,571 - root - INFO - Scraping game schedule for Sunday, May 13 2018
2024-02-09 18:45:41,673 - root - INFO - Scraping game schedule for Saturday, May 19 2018
2024-02-09 18:45:41,936 - root - INFO - Scraping game schedule for Sunday, May 20 2018
2024-02-09 18:45:47,258 - root - INFO - Scraping game schedule for Friday, May 4 2018
2024-02-09 18:45:47,317 - root - INFO - Scraping game schedule for Saturday, May 5 2018
2024-02-09 18:45:47,509 - root - INFO - Scraping game schedule for Sunday, May 6 2018
2024-02-09 18:45:47,691 - root - INFO - Scraping game schedule for Monday, May 7 2018
2024-02-09 18:45:47,749 - root - INFO - Scraping game schedule for Wednesday, May 9 2018
2024-02-09 18:45:47,858 - root - INFO - Scraping game schedule for Saturday, May 12 2018
2024-02-09 18:45:48,204 - root - INFO - Scraping game schedule for Sunday, May 13 2018
2024-02-09 18:45:48,306 - root - INFO - Scraping game schedule for Saturday, May 19 2018
2024-02-09 18:45:48,570 - root - INFO - Scraping game schedule for Sunday, May 20 2018
2024-02-09 18:45:53,893 - root - INFO - Scraping game schedule for Friday, May 4 2018
2024-02-09 18:45:53,952 - root - INFO - Scraping game schedule for Saturday, May 5 2018
2024-02-09 18:45:54,146 - root - INFO - Scraping game schedule for Sunday, May 6 2018
2024-02-09 18:45:54,328 - root - INFO - Scraping game schedule for Monday, May 7 2018
2024-02-09 18:45:54,388 - root - INFO - Scraping game schedule for Wednesday, May 9 2018
2024-02-09 18:45:54,500 - root - INFO - Scraping game schedule for Saturday, May 12 2018
2024-02-09 18:45:54,845 - root - INFO - Scraping game schedule for Sunday, May 13 2018
2024-02-09 18:45:54,947 - root - INFO - Scraping game schedule for Saturday, May 19 2018
2024-02-09 18:45:55,241 - root - INFO - Scraping game schedule for Sunday, May 20 2018
2024-02-09 18:46:00,549 - root - INFO - Scraping game schedule for Friday, May 4 2018
2024-02-09 18:46:00,608 - root - INFO - Scraping game schedule for Saturday, May 5 2018
2024-02-09 18:46:00,790 - root - INFO - Scraping game schedule for Sunday, May 6 2018
2024-02-09 18:46:00,983 - root - INFO - Scraping game schedule for Monday, May 7 2018
2024-02-09 18:46:01,041 - root - INFO - Scraping game schedule for Wednesday, May 9 2018
2024-02-09 18:46:01,155 - root - INFO - Scraping game schedule for Saturday, May 12 2018
2024-02-09 18:46:01,506 - root - INFO - Scraping game schedule for Sunday, May 13 2018
2024-02-09 18:46:01,606 - root - INFO - Scraping game schedule for Saturday, May 19 2018
2024-02-09 18:46:01,871 - root - INFO - Scraping game schedule for Sunday, May 20 2018
2024-02-09 18:46:07,173 - root - INFO - Scraping game schedule for Friday, May 4 2018
2024-02-09 18:46:07,231 - root - INFO - Scraping game schedule for Saturday, May 5 2018
2024-02-09 18:46:07,417 - root - INFO - Scraping game schedule for Sunday, May 6 2018
2024-02-09 18:46:07,613 - root - INFO - Scraping game schedule for Monday, May 7 2018
2024-02-09 18:46:07,671 - root - INFO - Scraping game schedule for Wednesday, May 9 2018
2024-02-09 18:46:07,781 - root - INFO - Scraping game schedule for Saturday, May 12 2018
2024-02-09 18:46:08,129 - root - INFO - Scraping game schedule for Sunday, May 13 2018
2024-02-09 18:46:08,230 - root - INFO - Scraping game schedule for Saturday, May 19 2018
2024-02-09 18:46:08,506 - root - INFO - Scraping game schedule for Sunday, May 20 2018
2024-02-09 18:46:13,815 - root - INFO - Scraping game schedule for Friday, May 4 2018
2024-02-09 18:46:13,879 - root - INFO - Scraping game schedule for Saturday, May 5 2018
2024-02-09 18:46:14,067 - root - INFO - Scraping game schedule for Sunday, May 6 2018
2024-02-09 18:46:14,258 - root - INFO - Scraping game schedule for Monday, May 7 2018
2024-02-09 18:46:14,318 - root - INFO - Scraping game schedule for Wednesday, May 9 2018
2024-02-09 18:46:14,421 - root - INFO - Scraping game schedule for Saturday, May 12 2018
2024-02-09 18:46:14,783 - root - INFO - Scraping game schedule for Sunday, May 13 2018
2024-02-09 18:46:14,885 - root - INFO - Scraping game schedule for Saturday, May 19 2018
2024-02-09 18:46:15,153 - root - INFO - Scraping game schedule for Sunday, May 20 2018
2024-02-09 18:46:20,440 - root - INFO - Scraping game schedule for Friday, May 4 2018
2024-02-09 18:46:20,499 - root - INFO - Scraping game schedule for Saturday, May 5 2018
2024-02-09 18:46:20,694 - root - INFO - Scraping game schedule for Sunday, May 6 2018
2024-02-09 18:46:20,878 - root - INFO - Scraping game schedule for Monday, May 7 2018
2024-02-09 18:46:20,948 - root - INFO - Scraping game schedule for Wednesday, May 9 2018
2024-02-09 18:46:21,049 - root - INFO - Scraping game schedule for Saturday, May 12 2018
2024-02-09 18:46:21,398 - root - INFO - Scraping game schedule for Sunday, May 13 2018
2024-02-09 18:46:21,499 - root - INFO - Scraping game schedule for Saturday, May 19 2018
2024-02-09 18:46:21,772 - root - INFO - Scraping game schedule for Sunday, May 20 2018
2024-02-09 18:46:27,102 - root - INFO - Scraping game schedule for Friday, May 4 2018
2024-02-09 18:46:27,162 - root - INFO - Scraping game schedule for Saturday, May 5 2018
2024-02-09 18:46:27,346 - root - INFO - Scraping game schedule for Sunday, May 6 2018
2024-02-09 18:46:27,535 - root - INFO - Scraping game schedule for Monday, May 7 2018
2024-02-09 18:46:27,593 - root - INFO - Scraping game schedule for Wednesday, May 9 2018
2024-02-09 18:46:27,704 - root - INFO - Scraping game schedule for Saturday, May 12 2018
2024-02-09 18:46:28,051 - root - INFO - Scraping game schedule for Sunday, May 13 2018
2024-02-09 18:46:28,150 - root - INFO - Scraping game schedule for Saturday, May 19 2018
2024-02-09 18:46:28,413 - root - INFO - Scraping game schedule for Sunday, May 20 2018
2024-02-09 18:46:33,730 - root - INFO - Scraping game schedule for Friday, May 4 2018
2024-02-09 18:46:33,789 - root - INFO - Scraping game schedule for Saturday, May 5 2018
2024-02-09 18:46:33,972 - root - INFO - Scraping game schedule for Sunday, May 6 2018
2024-02-09 18:46:34,164 - root - INFO - Scraping game schedule for Monday, May 7 2018
2024-02-09 18:46:34,222 - root - INFO - Scraping game schedule for Wednesday, May 9 2018
2024-02-09 18:46:34,331 - root - INFO - Scraping game schedule for Saturday, May 12 2018
2024-02-09 18:46:34,675 - root - INFO - Scraping game schedule for Sunday, May 13 2018
2024-02-09 18:46:34,774 - root - INFO - Scraping game schedule for Saturday, May 19 2018
2024-02-09 18:46:35,038 - root - INFO - Scraping game schedule for Sunday, May 20 2018
2024-02-09 18:46:40,351 - root - INFO - Scraping game schedule for Friday, May 4 2018
2024-02-09 18:46:40,410 - root - INFO - Scraping game schedule for Saturday, May 5 2018
2024-02-09 18:46:40,604 - root - INFO - Scraping game schedule for Sunday, May 6 2018
2024-02-09 18:46:40,813 - root - INFO - Scraping game schedule for Monday, May 7 2018
2024-02-09 18:46:40,871 - root - INFO - Scraping game schedule for Wednesday, May 9 2018
2024-02-09 18:46:40,972 - root - INFO - Scraping game schedule for Saturday, May 12 2018
2024-02-09 18:46:41,329 - root - INFO - Scraping game schedule for Sunday, May 13 2018
2024-02-09 18:46:41,429 - root - INFO - Scraping game schedule for Saturday, May 19 2018
2024-02-09 18:46:41,692 - root - INFO - Scraping game schedule for Sunday, May 20 2018
2024-02-09 18:46:46,997 - root - INFO - Scraping game schedule for Friday, May 4 2018
2024-02-09 18:46:47,057 - root - INFO - Scraping game schedule for Saturday, May 5 2018
2024-02-09 18:46:47,250 - root - INFO - Scraping game schedule for Sunday, May 6 2018
2024-02-09 18:46:47,463 - root - INFO - Scraping game schedule for Monday, May 7 2018
2024-02-09 18:46:47,521 - root - INFO - Scraping game schedule for Wednesday, May 9 2018
2024-02-09 18:46:47,630 - root - INFO - Scraping game schedule for Saturday, May 12 2018
2024-02-09 18:46:47,977 - root - INFO - Scraping game schedule for Sunday, May 13 2018
2024-02-09 18:46:48,077 - root - INFO - Scraping game schedule for Saturday, May 19 2018
2024-02-09 18:46:48,342 - root - INFO - Scraping game schedule for Sunday, May 20 2018
2024-02-09 18:46:53,631 - root - INFO - Scraping game schedule for Friday, May 4 2018
2024-02-09 18:46:53,689 - root - INFO - Scraping game schedule for Saturday, May 5 2018
2024-02-09 18:46:53,872 - root - INFO - Scraping game schedule for Sunday, May 6 2018
2024-02-09 18:46:54,064 - root - INFO - Scraping game schedule for Monday, May 7 2018
2024-02-09 18:46:54,123 - root - INFO - Scraping game schedule for Wednesday, May 9 2018
2024-02-09 18:46:54,232 - root - INFO - Scraping game schedule for Saturday, May 12 2018
2024-02-09 18:46:54,577 - root - INFO - Scraping game schedule for Sunday, May 13 2018
2024-02-09 18:46:54,676 - root - INFO - Scraping game schedule for Saturday, May 19 2018
2024-02-09 18:46:54,937 - root - INFO - Scraping game schedule for Sunday, May 20 2018
2024-02-09 18:47:00,269 - root - INFO - Scraping game schedule for Friday, May 4 2018
2024-02-09 18:47:00,327 - root - INFO - Scraping game schedule for Saturday, May 5 2018
2024-02-09 18:47:00,509 - root - INFO - Scraping game schedule for Sunday, May 6 2018
2024-02-09 18:47:00,701 - root - INFO - Scraping game schedule for Monday, May 7 2018
2024-02-09 18:47:00,758 - root - INFO - Scraping game schedule for Wednesday, May 9 2018
2024-02-09 18:47:00,868 - root - INFO - Scraping game schedule for Saturday, May 12 2018
2024-02-09 18:47:01,296 - root - INFO - Scraping game schedule for Sunday, May 13 2018
2024-02-09 18:47:01,436 - root - INFO - Scraping game schedule for Saturday, May 19 2018
2024-02-09 18:47:01,838 - root - INFO - Scraping game schedule for Sunday, May 20 2018
2024-02-09 18:47:07,251 - root - INFO - Scraping game schedule for Friday, May 4 2018
2024-02-09 18:47:07,312 - root - INFO - Scraping game schedule for Saturday, May 5 2018
2024-02-09 18:47:07,498 - root - INFO - Scraping game schedule for Sunday, May 6 2018
2024-02-09 18:47:07,689 - root - INFO - Scraping game schedule for Monday, May 7 2018
2024-02-09 18:47:07,747 - root - INFO - Scraping game schedule for Wednesday, May 9 2018
2024-02-09 18:47:07,845 - root - INFO - Scraping game schedule for Saturday, May 12 2018
2024-02-09 18:47:08,207 - root - INFO - Scraping game schedule for Sunday, May 13 2018
2024-02-09 18:47:08,313 - root - INFO - Scraping game schedule for Saturday, May 19 2018
2024-02-09 18:47:08,576 - root - INFO - Scraping game schedule for Sunday, May 20 2018
2024-02-09 18:47:13,878 - root - INFO - Scraping game schedule for Friday, May 4 2018
2024-02-09 18:47:13,936 - root - INFO - Scraping game schedule for Saturday, May 5 2018
2024-02-09 18:47:14,134 - root - INFO - Scraping game schedule for Sunday, May 6 2018
2024-02-09 18:47:14,319 - root - INFO - Scraping game schedule for Monday, May 7 2018
2024-02-09 18:47:14,378 - root - INFO - Scraping game schedule for Wednesday, May 9 2018
2024-02-09 18:47:14,486 - root - INFO - Scraping game schedule for Saturday, May 12 2018
2024-02-09 18:47:14,846 - root - INFO - Scraping game schedule for Sunday, May 13 2018
2024-02-09 18:47:14,948 - root - INFO - Scraping game schedule for Saturday, May 19 2018
2024-02-09 18:47:15,223 - root - INFO - Scraping game schedule for Sunday, May 20 2018
2024-02-09 18:47:20,559 - root - INFO - Scraping game schedule for Friday, May 4 2018
2024-02-09 18:47:20,621 - root - INFO - Scraping game schedule for Saturday, May 5 2018
2024-02-09 18:47:20,818 - root - INFO - Scraping game schedule for Sunday, May 6 2018
2024-02-09 18:47:21,005 - root - INFO - Scraping game schedule for Monday, May 7 2018
2024-02-09 18:47:21,066 - root - INFO - Scraping game schedule for Wednesday, May 9 2018
2024-02-09 18:47:21,187 - root - INFO - Scraping game schedule for Saturday, May 12 2018
2024-02-09 18:47:21,663 - root - INFO - Scraping game schedule for Sunday, May 13 2018
2024-02-09 18:47:21,822 - root - INFO - Scraping game schedule for Saturday, May 19 2018
2024-02-09 18:47:22,255 - root - INFO - Scraping game schedule for Sunday, May 20 2018
2024-02-09 18:47:27,861 - root - INFO - Scraping game schedule for Friday, May 4 2018
2024-02-09 18:47:27,920 - root - INFO - Scraping game schedule for Saturday, May 5 2018
2024-02-09 18:47:28,114 - root - INFO - Scraping game schedule for Sunday, May 6 2018
2024-02-09 18:47:28,366 - root - INFO - Scraping game schedule for Monday, May 7 2018
2024-02-09 18:47:28,440 - root - INFO - Scraping game schedule for Wednesday, May 9 2018
2024-02-09 18:47:28,585 - root - INFO - Scraping game schedule for Saturday, May 12 2018
2024-02-09 18:47:29,111 - root - INFO - Scraping game schedule for Sunday, May 13 2018
2024-02-09 18:47:29,275 - root - INFO - Scraping game schedule for Saturday, May 19 2018
2024-02-09 18:47:29,767 - root - INFO - Scraping game schedule for Sunday, May 20 2018
2024-02-09 18:47:35,173 - root - INFO - Scraping game schedule for Friday, May 4 2018
2024-02-09 18:47:35,231 - root - INFO - Scraping game schedule for Saturday, May 5 2018
2024-02-09 18:47:35,430 - root - INFO - Scraping game schedule for Sunday, May 6 2018
2024-02-09 18:47:35,616 - root - INFO - Scraping game schedule for Monday, May 7 2018
2024-02-09 18:47:35,676 - root - INFO - Scraping game schedule for Wednesday, May 9 2018
2024-02-09 18:47:35,802 - root - INFO - Scraping game schedule for Saturday, May 12 2018
2024-02-09 18:47:36,254 - root - INFO - Scraping game schedule for Sunday, May 13 2018
2024-02-09 18:47:36,391 - root - INFO - Scraping game schedule for Saturday, May 19 2018
2024-02-09 18:47:36,752 - root - INFO - Scraping game schedule for Sunday, May 20 2018
2024-02-09 18:47:42,146 - root - INFO - Scraping game schedule for Friday, May 4 2018
2024-02-09 18:47:42,209 - root - INFO - Scraping game schedule for Saturday, May 5 2018
2024-02-09 18:47:42,419 - root - INFO - Scraping game schedule for Sunday, May 6 2018
2024-02-09 18:47:42,641 - root - INFO - Scraping game schedule for Monday, May 7 2018
2024-02-09 18:47:42,717 - root - INFO - Scraping game schedule for Wednesday, May 9 2018
2024-02-09 18:47:42,855 - root - INFO - Scraping game schedule for Saturday, May 12 2018
2024-02-09 18:47:43,230 - root - INFO - Scraping game schedule for Sunday, May 13 2018
2024-02-09 18:47:43,356 - root - INFO - Scraping game schedule for Saturday, May 19 2018
2024-02-09 18:47:43,719 - root - INFO - Scraping game schedule for Sunday, May 20 2018
2024-02-09 18:47:49,115 - root - INFO - Scraping game schedule for Friday, May 4 2018
2024-02-09 18:47:49,188 - root - INFO - Scraping game schedule for Saturday, May 5 2018
2024-02-09 18:47:49,413 - root - INFO - Scraping game schedule for Sunday, May 6 2018
2024-02-09 18:47:49,605 - root - INFO - Scraping game schedule for Monday, May 7 2018
2024-02-09 18:47:49,665 - root - INFO - Scraping game schedule for Wednesday, May 9 2018
2024-02-09 18:47:49,778 - root - INFO - Scraping game schedule for Saturday, May 12 2018
2024-02-09 18:47:50,134 - root - INFO - Scraping game schedule for Sunday, May 13 2018
2024-02-09 18:47:50,256 - root - INFO - Scraping game schedule for Saturday, May 19 2018
2024-02-09 18:47:50,604 - root - INFO - Scraping game schedule for Sunday, May 20 2018
2024-02-09 18:47:55,997 - root - INFO - Scraping game schedule for Friday, May 4 2018
2024-02-09 18:47:56,055 - root - INFO - Scraping game schedule for Saturday, May 5 2018
2024-02-09 18:47:56,245 - root - INFO - Scraping game schedule for Sunday, May 6 2018
2024-02-09 18:47:56,430 - root - INFO - Scraping game schedule for Monday, May 7 2018
2024-02-09 18:47:56,490 - root - INFO - Scraping game schedule for Wednesday, May 9 2018
2024-02-09 18:47:56,598 - root - INFO - Scraping game schedule for Saturday, May 12 2018
2024-02-09 18:47:56,951 - root - INFO - Scraping game schedule for Sunday, May 13 2018
2024-02-09 18:47:57,051 - root - INFO - Scraping game schedule for Saturday, May 19 2018
2024-02-09 18:47:57,344 - root - INFO - Scraping game schedule for Sunday, May 20 2018
2024-02-09 18:48:02,689 - root - INFO - Scraping game schedule for Friday, May 4 2018
2024-02-09 18:48:02,746 - root - INFO - Scraping game schedule for Saturday, May 5 2018
2024-02-09 18:48:02,934 - root - INFO - Scraping game schedule for Sunday, May 6 2018
2024-02-09 18:48:03,114 - root - INFO - Scraping game schedule for Monday, May 7 2018
2024-02-09 18:48:03,172 - root - INFO - Scraping game schedule for Wednesday, May 9 2018
2024-02-09 18:48:03,280 - root - INFO - Scraping game schedule for Saturday, May 12 2018
2024-02-09 18:48:03,680 - root - INFO - Scraping game schedule for Sunday, May 13 2018
2024-02-09 18:48:03,803 - root - INFO - Scraping game schedule for Saturday, May 19 2018
2024-02-09 18:48:04,153 - root - INFO - Scraping game schedule for Sunday, May 20 2018
2024-02-09 18:48:09,547 - root - INFO - Scraping game schedule for Friday, May 4 2018
2024-02-09 18:48:09,604 - root - INFO - Scraping game schedule for Saturday, May 5 2018
2024-02-09 18:48:09,780 - root - INFO - Scraping game schedule for Sunday, May 6 2018
2024-02-09 18:48:09,967 - root - INFO - Scraping game schedule for Monday, May 7 2018
2024-02-09 18:48:10,023 - root - INFO - Scraping game schedule for Wednesday, May 9 2018
2024-02-09 18:48:10,134 - root - INFO - Scraping game schedule for Saturday, May 12 2018
2024-02-09 18:48:10,480 - root - INFO - Scraping game schedule for Sunday, May 13 2018
2024-02-09 18:48:10,576 - root - INFO - Scraping game schedule for Saturday, May 19 2018
2024-02-09 18:48:10,853 - root - INFO - Scraping game schedule for Sunday, May 20 2018
2024-02-09 18:48:16,200 - root - INFO - Scraping game schedule for Friday, May 4 2018
2024-02-09 18:48:16,260 - root - INFO - Scraping game schedule for Saturday, May 5 2018
2024-02-09 18:48:16,461 - root - INFO - Scraping game schedule for Sunday, May 6 2018
2024-02-09 18:48:16,647 - root - INFO - Scraping game schedule for Monday, May 7 2018
2024-02-09 18:48:16,702 - root - INFO - Scraping game schedule for Wednesday, May 9 2018
2024-02-09 18:48:16,811 - root - INFO - Scraping game schedule for Saturday, May 12 2018
2024-02-09 18:48:17,150 - root - INFO - Scraping game schedule for Sunday, May 13 2018
2024-02-09 18:48:17,247 - root - INFO - Scraping game schedule for Saturday, May 19 2018
2024-02-09 18:48:17,512 - root - INFO - Scraping game schedule for Sunday, May 20 2018
2024-02-09 18:48:22,831 - root - INFO - Scraping game schedule for Friday, May 4 2018
2024-02-09 18:48:22,887 - root - INFO - Scraping game schedule for Saturday, May 5 2018
2024-02-09 18:48:23,067 - root - INFO - Scraping game schedule for Sunday, May 6 2018
2024-02-09 18:48:23,259 - root - INFO - Scraping game schedule for Monday, May 7 2018
2024-02-09 18:48:23,317 - root - INFO - Scraping game schedule for Wednesday, May 9 2018
2024-02-09 18:48:23,434 - root - INFO - Scraping game schedule for Saturday, May 12 2018
2024-02-09 18:48:23,775 - root - INFO - Scraping game schedule for Sunday, May 13 2018
2024-02-09 18:48:23,872 - root - INFO - Scraping game schedule for Saturday, May 19 2018
2024-02-09 18:48:24,130 - root - INFO - Scraping game schedule for Sunday, May 20 2018
2024-02-09 18:48:29,431 - root - INFO - Scraping game schedule for Friday, May 4 2018
2024-02-09 18:48:29,488 - root - INFO - Scraping game schedule for Saturday, May 5 2018
2024-02-09 18:48:29,674 - root - INFO - Scraping game schedule for Sunday, May 6 2018
2024-02-09 18:48:29,851 - root - INFO - Scraping game schedule for Monday, May 7 2018
2024-02-09 18:48:29,907 - root - INFO - Scraping game schedule for Wednesday, May 9 2018
2024-02-09 18:48:30,014 - root - INFO - Scraping game schedule for Saturday, May 12 2018
2024-02-09 18:48:30,355 - root - INFO - Scraping game schedule for Sunday, May 13 2018
2024-02-09 18:48:30,450 - root - INFO - Scraping game schedule for Saturday, May 19 2018
2024-02-09 18:48:30,712 - root - INFO - Scraping game schedule for Sunday, May 20 2018
2024-02-09 18:48:36,028 - root - INFO - Scraping game schedule for Friday, May 4 2018
2024-02-09 18:48:36,085 - root - INFO - Scraping game schedule for Saturday, May 5 2018
2024-02-09 18:48:36,261 - root - INFO - Scraping game schedule for Sunday, May 6 2018
2024-02-09 18:48:36,451 - root - INFO - Scraping game schedule for Monday, May 7 2018
2024-02-09 18:48:36,506 - root - INFO - Scraping game schedule for Wednesday, May 9 2018
2024-02-09 18:48:36,618 - root - INFO - Scraping game schedule for Saturday, May 12 2018
2024-02-09 18:48:36,952 - root - INFO - Scraping game schedule for Sunday, May 13 2018
2024-02-09 18:48:37,049 - root - INFO - Scraping game schedule for Saturday, May 19 2018
2024-02-09 18:48:37,308 - root - INFO - Scraping game schedule for Sunday, May 20 2018
2024-02-09 18:48:42,612 - root - INFO - Scraping game schedule for Friday, May 4 2018
2024-02-09 18:48:42,669 - root - INFO - Scraping game schedule for Saturday, May 5 2018
2024-02-09 18:48:42,864 - root - INFO - Scraping game schedule for Sunday, May 6 2018
2024-02-09 18:48:43,051 - root - INFO - Scraping game schedule for Monday, May 7 2018
2024-02-09 18:48:43,110 - root - INFO - Scraping game schedule for Wednesday, May 9 2018
2024-02-09 18:48:43,220 - root - INFO - Scraping game schedule for Saturday, May 12 2018
2024-02-09 18:48:43,576 - root - INFO - Scraping game schedule for Sunday, May 13 2018
2024-02-09 18:48:43,703 - root - INFO - Scraping game schedule for Saturday, May 19 2018
2024-02-09 18:48:44,028 - root - INFO - Scraping game schedule for Sunday, May 20 2018
2024-02-09 18:48:49,361 - root - INFO - Scraping game schedule for Friday, May 4 2018
2024-02-09 18:48:49,421 - root - INFO - Scraping game schedule for Saturday, May 5 2018
2024-02-09 18:48:49,604 - root - INFO - Scraping game schedule for Sunday, May 6 2018
2024-02-09 18:48:49,802 - root - INFO - Scraping game schedule for Monday, May 7 2018
2024-02-09 18:48:49,860 - root - INFO - Scraping game schedule for Wednesday, May 9 2018
2024-02-09 18:48:49,970 - root - INFO - Scraping game schedule for Saturday, May 12 2018
2024-02-09 18:48:50,318 - root - INFO - Scraping game schedule for Sunday, May 13 2018
2024-02-09 18:48:50,429 - root - INFO - Scraping game schedule for Saturday, May 19 2018
2024-02-09 18:48:50,757 - root - INFO - Scraping game schedule for Sunday, May 20 2018
2024-02-09 18:48:56,140 - root - INFO - Scraping game schedule for Friday, May 4 2018
2024-02-09 18:48:56,233 - root - INFO - Scraping game schedule for Saturday, May 5 2018
2024-02-09 18:48:56,536 - root - INFO - Scraping game schedule for Sunday, May 6 2018
2024-02-09 18:48:56,842 - root - INFO - Scraping game schedule for Monday, May 7 2018
2024-02-09 18:48:56,938 - root - INFO - Scraping game schedule for Wednesday, May 9 2018
2024-02-09 18:48:57,118 - root - INFO - Scraping game schedule for Saturday, May 12 2018
2024-02-09 18:48:57,709 - root - INFO - Scraping game schedule for Sunday, May 13 2018
2024-02-09 18:48:57,865 - root - INFO - Scraping game schedule for Saturday, May 19 2018
2024-02-09 18:48:58,297 - root - INFO - Scraping game schedule for Sunday, May 20 2018
2024-02-09 18:49:03,791 - root - INFO - Scraping game schedule for Friday, May 4 2018
2024-02-09 18:49:03,863 - root - INFO - Scraping game schedule for Saturday, May 5 2018
2024-02-09 18:49:04,126 - root - INFO - Scraping game schedule for Sunday, May 6 2018
2024-02-09 18:49:04,395 - root - INFO - Scraping game schedule for Monday, May 7 2018
2024-02-09 18:49:04,481 - root - INFO - Scraping game schedule for Wednesday, May 9 2018
2024-02-09 18:49:04,641 - root - INFO - Scraping game schedule for Saturday, May 12 2018
2024-02-09 18:49:05,144 - root - INFO - Scraping game schedule for Sunday, May 13 2018
2024-02-09 18:49:05,291 - root - INFO - Scraping game schedule for Saturday, May 19 2018
2024-02-09 18:49:05,671 - root - INFO - Scraping game schedule for Sunday, May 20 2018
2024-02-09 18:49:11,073 - root - INFO - Scraping game schedule for Friday, May 4 2018
2024-02-09 18:49:11,134 - root - INFO - Scraping game schedule for Saturday, May 5 2018
2024-02-09 18:49:11,345 - root - INFO - Scraping game schedule for Sunday, May 6 2018
2024-02-09 18:49:11,594 - root - INFO - Scraping game schedule for Monday, May 7 2018
2024-02-09 18:49:11,685 - root - INFO - Scraping game schedule for Wednesday, May 9 2018
2024-02-09 18:49:11,858 - root - INFO - Scraping game schedule for Saturday, May 12 2018
2024-02-09 18:49:12,453 - root - INFO - Scraping game schedule for Sunday, May 13 2018
2024-02-09 18:49:12,602 - root - INFO - Scraping game schedule for Saturday, May 19 2018
2024-02-09 18:49:12,990 - root - INFO - Scraping game schedule for Sunday, May 20 2018
2024-02-09 18:49:18,394 - root - INFO - Scraping game schedule for Friday, May 4 2018
2024-02-09 18:49:18,453 - root - INFO - Scraping game schedule for Saturday, May 5 2018
2024-02-09 18:49:18,631 - root - INFO - Scraping game schedule for Sunday, May 6 2018
2024-02-09 18:49:18,835 - root - INFO - Scraping game schedule for Monday, May 7 2018
2024-02-09 18:49:18,902 - root - INFO - Scraping game schedule for Wednesday, May 9 2018
2024-02-09 18:49:19,056 - root - INFO - Scraping game schedule for Saturday, May 12 2018
2024-02-09 18:49:19,521 - root - INFO - Scraping game schedule for Sunday, May 13 2018
2024-02-09 18:49:19,651 - root - INFO - Scraping game schedule for Saturday, May 19 2018
2024-02-09 18:49:20,000 - root - INFO - Scraping game schedule for Sunday, May 20 2018
2024-02-09 18:49:25,390 - root - INFO - Scraping game schedule for Friday, May 4 2018
2024-02-09 18:49:25,447 - root - INFO - Scraping game schedule for Saturday, May 5 2018
2024-02-09 18:49:25,640 - root - INFO - Scraping game schedule for Sunday, May 6 2018
2024-02-09 18:49:25,817 - root - INFO - Scraping game schedule for Monday, May 7 2018
2024-02-09 18:49:25,873 - root - INFO - Scraping game schedule for Wednesday, May 9 2018
2024-02-09 18:49:25,982 - root - INFO - Scraping game schedule for Saturday, May 12 2018
2024-02-09 18:49:26,321 - root - INFO - Scraping game schedule for Sunday, May 13 2018
2024-02-09 18:49:26,419 - root - INFO - Scraping game schedule for Saturday, May 19 2018
2024-02-09 18:49:26,678 - root - INFO - Scraping game schedule for Sunday, May 20 2018
2024-02-09 18:49:31,979 - root - INFO - Scraping game schedule for Friday, May 4 2018
2024-02-09 18:49:32,037 - root - INFO - Scraping game schedule for Saturday, May 5 2018
2024-02-09 18:49:32,231 - root - INFO - Scraping game schedule for Sunday, May 6 2018
2024-02-09 18:49:32,426 - root - INFO - Scraping game schedule for Monday, May 7 2018
2024-02-09 18:49:32,486 - root - INFO - Scraping game schedule for Wednesday, May 9 2018
2024-02-09 18:49:32,592 - root - INFO - Scraping game schedule for Saturday, May 12 2018
2024-02-09 18:49:32,952 - root - INFO - Scraping game schedule for Sunday, May 13 2018
2024-02-09 18:49:33,049 - root - INFO - Scraping game schedule for Saturday, May 19 2018
2024-02-09 18:49:33,313 - root - INFO - Scraping game schedule for Sunday, May 20 2018
2024-02-09 18:49:38,633 - root - INFO - Scraping game schedule for Friday, May 4 2018
2024-02-09 18:49:38,694 - root - INFO - Scraping game schedule for Saturday, May 5 2018
2024-02-09 18:49:38,884 - root - INFO - Scraping game schedule for Sunday, May 6 2018
2024-02-09 18:49:39,084 - root - INFO - Scraping game schedule for Monday, May 7 2018
2024-02-09 18:49:39,141 - root - INFO - Scraping game schedule for Wednesday, May 9 2018
2024-02-09 18:49:39,249 - root - INFO - Scraping game schedule for Saturday, May 12 2018
2024-02-09 18:49:39,623 - root - INFO - Scraping game schedule for Sunday, May 13 2018
2024-02-09 18:49:39,733 - root - INFO - Scraping game schedule for Saturday, May 19 2018
2024-02-09 18:49:40,010 - root - INFO - Scraping game schedule for Sunday, May 20 2018
2024-02-09 18:49:45,339 - root - INFO - Scraping game schedule for Friday, May 4 2018
2024-02-09 18:49:45,399 - root - INFO - Scraping game schedule for Saturday, May 5 2018
2024-02-09 18:49:45,591 - root - INFO - Scraping game schedule for Sunday, May 6 2018
2024-02-09 18:49:45,790 - root - INFO - Scraping game schedule for Monday, May 7 2018
2024-02-09 18:49:45,847 - root - INFO - Scraping game schedule for Wednesday, May 9 2018
2024-02-09 18:49:45,949 - root - INFO - Scraping game schedule for Saturday, May 12 2018
2024-02-09 18:49:46,332 - root - INFO - Scraping game schedule for Sunday, May 13 2018
2024-02-09 18:49:46,453 - root - INFO - Scraping game schedule for Saturday, May 19 2018
2024-02-09 18:49:46,795 - root - INFO - Scraping game schedule for Sunday, May 20 2018
2024-02-09 18:49:52,170 - root - INFO - Scraping game schedule for Friday, May 4 2018
2024-02-09 18:49:52,228 - root - INFO - Scraping game schedule for Saturday, May 5 2018
2024-02-09 18:49:52,445 - root - INFO - Scraping game schedule for Sunday, May 6 2018
2024-02-09 18:49:52,680 - root - INFO - Scraping game schedule for Monday, May 7 2018
2024-02-09 18:49:52,769 - root - INFO - Scraping game schedule for Wednesday, May 9 2018
2024-02-09 18:49:52,902 - root - INFO - Scraping game schedule for Saturday, May 12 2018
2024-02-09 18:49:53,400 - root - INFO - Scraping game schedule for Sunday, May 13 2018
2024-02-09 18:49:53,541 - root - INFO - Scraping game schedule for Saturday, May 19 2018
2024-02-09 18:49:53,957 - root - INFO - Scraping game schedule for Sunday, May 20 2018
2024-02-09 18:49:59,347 - root - INFO - Scraping game schedule for Friday, May 4 2018
2024-02-09 18:49:59,403 - root - INFO - Scraping game schedule for Saturday, May 5 2018
2024-02-09 18:49:59,606 - root - INFO - Scraping game schedule for Sunday, May 6 2018
2024-02-09 18:49:59,893 - root - INFO - Scraping game schedule for Monday, May 7 2018
2024-02-09 18:49:59,988 - root - INFO - Scraping game schedule for Wednesday, May 9 2018
2024-02-09 18:50:00,142 - root - INFO - Scraping game schedule for Saturday, May 12 2018
2024-02-09 18:50:00,637 - root - INFO - Scraping game schedule for Sunday, May 13 2018
2024-02-09 18:50:00,769 - root - INFO - Scraping game schedule for Saturday, May 19 2018
2024-02-09 18:50:01,190 - root - INFO - Scraping game schedule for Sunday, May 20 2018
2024-02-09 18:50:06,742 - root - INFO - Scraping game schedule for Friday, May 4 2018
2024-02-09 18:50:06,800 - root - INFO - Scraping game schedule for Saturday, May 5 2018
2024-02-09 18:50:06,983 - root - INFO - Scraping game schedule for Sunday, May 6 2018
2024-02-09 18:50:07,191 - root - INFO - Scraping game schedule for Monday, May 7 2018
2024-02-09 18:50:07,262 - root - INFO - Scraping game schedule for Wednesday, May 9 2018
2024-02-09 18:50:07,385 - root - INFO - Scraping game schedule for Saturday, May 12 2018
2024-02-09 18:50:07,955 - root - INFO - Scraping game schedule for Sunday, May 13 2018
2024-02-09 18:50:08,151 - root - INFO - Scraping game schedule for Saturday, May 19 2018
2024-02-09 18:50:08,791 - root - INFO - Scraping game schedule for Sunday, May 20 2018
2024-02-09 18:50:14,551 - root - DEBUG - Next page
2024-02-09 18:50:14,594 - root - INFO - Scraping game schedule for Sunday, Apr 1 2018
2024-02-09 18:50:14,857 - root - INFO - Scraping game schedule for Monday, Apr 2 2018
2024-02-09 18:50:14,927 - root - INFO - Scraping game schedule for Friday, Apr 6 2018
2024-02-09 18:50:15,005 - root - INFO - Scraping game schedule for Saturday, Apr 7 2018
2024-02-09 18:50:15,271 - root - INFO - Scraping game schedule for Sunday, Apr 8 2018
2024-02-09 18:50:15,521 - root - INFO - Scraping game schedule for Monday, Apr 9 2018
2024-02-09 18:50:15,598 - root - INFO - Scraping game schedule for Friday, Apr 13 2018
2024-02-09 18:50:15,678 - root - INFO - Scraping game schedule for Saturday, Apr 14 2018
2024-02-09 18:50:15,986 - root - INFO - Scraping game schedule for Sunday, Apr 15 2018
2024-02-09 18:50:16,239 - root - INFO - Scraping game schedule for Tuesday, Apr 17 2018
2024-02-09 18:50:16,467 - root - INFO - Scraping game schedule for Wednesday, Apr 18 2018
2024-02-09 18:50:16,698 - root - INFO - Scraping game schedule for Thursday, Apr 19 2018
2024-02-09 18:50:16,959 - root - INFO - Scraping game schedule for Friday, Apr 20 2018
2024-02-09 18:50:17,041 - root - INFO - Scraping game schedule for Saturday, Apr 21 2018
2024-02-09 18:50:17,179 - root - INFO - Scraping game schedule for Sunday, Apr 22 2018
2024-02-09 18:50:17,435 - root - INFO - Scraping game schedule for Monday, Apr 23 2018
2024-02-09 18:50:17,516 - root - INFO - Scraping game schedule for Friday, Apr 27 2018
2024-02-09 18:50:17,597 - root - INFO - Scraping game schedule for Saturday, Apr 28 2018
2024-02-09 18:50:17,865 - root - INFO - Scraping game schedule for Sunday, Apr 29 2018
2024-02-09 18:50:18,130 - root - INFO - Scraping game schedule for Monday, Apr 30 2018
2024-02-09 18:50:23,236 - root - DEBUG - Next page
2024-02-09 18:50:23,274 - root - INFO - Scraping game schedule for Thursday, Mar 1 2018
2024-02-09 18:50:23,421 - root - INFO - Scraping game schedule for Saturday, Mar 3 2018
2024-02-09 18:50:23,660 - root - INFO - Scraping game schedule for Sunday, Mar 4 2018
2024-02-09 18:50:23,842 - root - INFO - Scraping game schedule for Monday, Mar 5 2018
2024-02-09 18:50:23,919 - root - INFO - Scraping game schedule for Friday, Mar 9 2018
2024-02-09 18:50:23,976 - root - INFO - Scraping game schedule for Saturday, Mar 10 2018
2024-02-09 18:50:24,158 - root - INFO - Scraping game schedule for Sunday, Mar 11 2018
2024-02-09 18:50:24,337 - root - INFO - Scraping game schedule for Monday, Mar 12 2018
2024-02-09 18:50:24,393 - root - INFO - Scraping game schedule for Friday, Mar 16 2018
2024-02-09 18:50:24,451 - root - INFO - Scraping game schedule for Saturday, Mar 17 2018
2024-02-09 18:50:24,644 - root - INFO - Scraping game schedule for Sunday, Mar 18 2018
2024-02-09 18:50:24,877 - root - INFO - Scraping game schedule for Saturday, Mar 31 2018
2024-02-09 18:50:30,076 - root - DEBUG - Next page
2024-02-09 18:50:30,120 - root - INFO - Scraping game schedule for Friday, Feb 2 2018
2024-02-09 18:50:30,181 - root - INFO - Scraping game schedule for Saturday, Feb 3 2018
2024-02-09 18:50:30,392 - root - INFO - Scraping game schedule for Sunday, Feb 4 2018
2024-02-09 18:50:30,602 - root - INFO - Scraping game schedule for Monday, Feb 5 2018
2024-02-09 18:50:30,670 - root - INFO - Scraping game schedule for Friday, Feb 9 2018
2024-02-09 18:50:30,743 - root - INFO - Scraping game schedule for Saturday, Feb 10 2018
2024-02-09 18:50:31,009 - root - INFO - Scraping game schedule for Sunday, Feb 11 2018
2024-02-09 18:50:31,274 - root - INFO - Scraping game schedule for Monday, Feb 12 2018
2024-02-09 18:50:31,355 - root - INFO - Scraping game schedule for Friday, Feb 16 2018
2024-02-09 18:50:31,434 - root - INFO - Scraping game schedule for Saturday, Feb 17 2018
2024-02-09 18:50:31,700 - root - INFO - Scraping game schedule for Sunday, Feb 18 2018
2024-02-09 18:50:31,956 - root - INFO - Scraping game schedule for Monday, Feb 19 2018
2024-02-09 18:50:32,036 - root - INFO - Scraping game schedule for Wednesday, Feb 21 2018
2024-02-09 18:50:32,115 - root - INFO - Scraping game schedule for Friday, Feb 23 2018
2024-02-09 18:50:32,208 - root - INFO - Scraping game schedule for Saturday, Feb 24 2018
2024-02-09 18:50:32,462 - root - INFO - Scraping game schedule for Sunday, Feb 25 2018
2024-02-09 18:50:32,721 - root - INFO - Scraping game schedule for Monday, Feb 26 2018
2024-02-09 18:50:32,803 - root - INFO - Scraping game schedule for Tuesday, Feb 27 2018
2024-02-09 18:50:32,946 - root - INFO - Scraping game schedule for Wednesday, Feb 28 2018
2024-02-09 18:50:38,289 - root - DEBUG - Next page
2024-02-09 18:50:38,330 - root - INFO - Scraping game schedule for Saturday, Jan 6 2018
2024-02-09 18:50:38,516 - root - INFO - Scraping game schedule for Sunday, Jan 7 2018
2024-02-09 18:50:38,764 - root - INFO - Scraping game schedule for Monday, Jan 8 2018
2024-02-09 18:50:38,825 - root - INFO - Scraping game schedule for Friday, Jan 12 2018
2024-02-09 18:50:38,886 - root - INFO - Scraping game schedule for Saturday, Jan 13 2018
2024-02-09 18:50:39,071 - root - INFO - Scraping game schedule for Sunday, Jan 14 2018
2024-02-09 18:50:39,252 - root - INFO - Scraping game schedule for Monday, Jan 15 2018
2024-02-09 18:50:39,309 - root - INFO - Scraping game schedule for Friday, Jan 19 2018
2024-02-09 18:50:39,367 - root - INFO - Scraping game schedule for Saturday, Jan 20 2018
2024-02-09 18:50:39,549 - root - INFO - Scraping game schedule for Sunday, Jan 21 2018
2024-02-09 18:50:39,743 - root - INFO - Scraping game schedule for Monday, Jan 22 2018
2024-02-09 18:50:39,801 - root - INFO - Scraping game schedule for Friday, Jan 26 2018
2024-02-09 18:50:39,858 - root - INFO - Scraping game schedule for Saturday, Jan 27 2018
2024-02-09 18:50:40,044 - root - INFO - Scraping game schedule for Sunday, Jan 28 2018
2024-02-09 18:50:40,258 - root - INFO - Scraping game schedule for Monday, Jan 29 2018
2024-02-09 18:50:45,358 - root - DEBUG - Next page
2024-02-09 18:50:45,410 - root - INFO - Scraping game schedule for Friday, Dec 1 2017
2024-02-09 18:50:45,470 - root - INFO - Scraping game schedule for Saturday, Dec 2 2017
2024-02-09 18:50:45,651 - root - INFO - Scraping game schedule for Sunday, Dec 3 2017
2024-02-09 18:50:45,850 - root - INFO - Scraping game schedule for Monday, Dec 4 2017
2024-02-09 18:50:45,907 - root - INFO - Scraping game schedule for Friday, Dec 8 2017
2024-02-09 18:50:45,963 - root - INFO - Scraping game schedule for Saturday, Dec 9 2017
2024-02-09 18:50:46,155 - root - INFO - Scraping game schedule for Sunday, Dec 10 2017
2024-02-09 18:50:46,335 - root - INFO - Scraping game schedule for Monday, Dec 11 2017
2024-02-09 18:50:46,392 - root - INFO - Scraping game schedule for Friday, Dec 15 2017
2024-02-09 18:50:46,449 - root - INFO - Scraping game schedule for Saturday, Dec 16 2017
2024-02-09 18:50:46,590 - root - INFO - Scraping game schedule for Sunday, Dec 17 2017
2024-02-09 18:50:46,777 - root - INFO - Scraping game schedule for Monday, Dec 18 2017
2024-02-09 18:50:46,834 - root - INFO - Scraping game schedule for Tuesday, Dec 19 2017
2024-02-09 18:50:46,890 - root - INFO - Scraping game schedule for Wednesday, Dec 20 2017
2024-02-09 18:50:47,001 - root - INFO - Scraping game schedule for Thursday, Dec 21 2017
2024-02-09 18:50:47,099 - root - INFO - Scraping game schedule for Friday, Dec 22 2017
2024-02-09 18:50:47,198 - root - INFO - Scraping game schedule for Saturday, Dec 23 2017
2024-02-09 18:50:52,356 - root - DEBUG - Next page
2024-02-09 18:50:52,399 - root - INFO - Scraping game schedule for Friday, Nov 3 2017
2024-02-09 18:50:52,456 - root - INFO - Scraping game schedule for Saturday, Nov 4 2017
2024-02-09 18:50:52,641 - root - INFO - Scraping game schedule for Sunday, Nov 5 2017
2024-02-09 18:50:52,880 - root - INFO - Scraping game schedule for Friday, Nov 17 2017
2024-02-09 18:50:52,938 - root - INFO - Scraping game schedule for Saturday, Nov 18 2017
2024-02-09 18:50:53,117 - root - INFO - Scraping game schedule for Sunday, Nov 19 2017
2024-02-09 18:50:53,310 - root - INFO - Scraping game schedule for Monday, Nov 20 2017
2024-02-09 18:50:53,367 - root - INFO - Scraping game schedule for Friday, Nov 24 2017
2024-02-09 18:50:53,424 - root - INFO - Scraping game schedule for Saturday, Nov 25 2017
2024-02-09 18:50:53,606 - root - INFO - Scraping game schedule for Sunday, Nov 26 2017
2024-02-09 18:50:53,785 - root - INFO - Scraping game schedule for Monday, Nov 27 2017
2024-02-09 18:50:58,860 - root - DEBUG - Next page
2024-02-09 18:50:58,905 - root - INFO - Scraping game schedule for Sunday, Oct 1 2017
2024-02-09 18:50:59,139 - root - INFO - Scraping game schedule for Friday, Oct 13 2017
2024-02-09 18:50:59,196 - root - INFO - Scraping game schedule for Saturday, Oct 14 2017
2024-02-09 18:50:59,387 - root - INFO - Scraping game schedule for Sunday, Oct 15 2017
2024-02-09 18:50:59,567 - root - INFO - Scraping game schedule for Monday, Oct 16 2017
2024-02-09 18:50:59,624 - root - INFO - Scraping game schedule for Saturday, Oct 21 2017
2024-02-09 18:50:59,820 - root - INFO - Scraping game schedule for Sunday, Oct 22 2017
2024-02-09 18:51:00,004 - root - INFO - Scraping game schedule for Monday, Oct 23 2017
2024-02-09 18:51:00,104 - root - INFO - Scraping game schedule for Saturday, Oct 28 2017
2024-02-09 18:51:00,292 - root - INFO - Scraping game schedule for Sunday, Oct 29 2017
2024-02-09 18:51:00,472 - root - INFO - Scraping game schedule for Monday, Oct 30 2017
2024-02-09 18:51:05,605 - root - DEBUG - Next page
2024-02-09 18:51:05,651 - root - INFO - Scraping game schedule for Friday, Sep 8 2017
2024-02-09 18:51:05,711 - root - INFO - Scraping game schedule for Saturday, Sep 9 2017
2024-02-09 18:51:05,892 - root - INFO - Scraping game schedule for Sunday, Sep 10 2017
2024-02-09 18:51:06,092 - root - INFO - Scraping game schedule for Monday, Sep 11 2017
2024-02-09 18:51:06,149 - root - INFO - Scraping game schedule for Friday, Sep 15 2017
2024-02-09 18:51:06,208 - root - INFO - Scraping game schedule for Saturday, Sep 16 2017
2024-02-09 18:51:06,403 - root - INFO - Scraping game schedule for Sunday, Sep 17 2017
2024-02-09 18:51:06,580 - root - INFO - Scraping game schedule for Monday, Sep 18 2017
2024-02-09 18:51:06,637 - root - INFO - Scraping game schedule for Tuesday, Sep 19 2017
2024-02-09 18:51:06,735 - root - INFO - Scraping game schedule for Wednesday, Sep 20 2017
2024-02-09 18:51:06,953 - root - INFO - Scraping game schedule for Thursday, Sep 21 2017
2024-02-09 18:51:07,092 - root - INFO - Scraping game schedule for Saturday, Sep 23 2017
2024-02-09 18:51:07,281 - root - INFO - Scraping game schedule for Sunday, Sep 24 2017
2024-02-09 18:51:07,499 - root - INFO - Scraping game schedule for Monday, Sep 25 2017
2024-02-09 18:51:07,555 - root - INFO - Scraping game schedule for Friday, Sep 29 2017
2024-02-09 18:51:07,611 - root - INFO - Scraping game schedule for Saturday, Sep 30 2017
2024-02-09 18:51:12,819 - root - DEBUG - Next page
2024-02-09 18:51:12,858 - root - INFO - Scraping game schedule for Friday, Aug 18 2017
2024-02-09 18:51:12,957 - root - INFO - Scraping game schedule for Saturday, Aug 19 2017
2024-02-09 18:51:13,100 - root - INFO - Scraping game schedule for Sunday, Aug 20 2017
2024-02-09 18:51:13,254 - root - INFO - Scraping game schedule for Monday, Aug 21 2017
2024-02-09 18:51:13,352 - root - INFO - Scraping game schedule for Friday, Aug 25 2017
2024-02-09 18:51:13,451 - root - INFO - Scraping game schedule for Saturday, Aug 26 2017
2024-02-09 18:51:13,648 - root - INFO - Scraping game schedule for Sunday, Aug 27 2017
2024-02-09 18:51:18,217 - root - INFO - Scraping game schedule from https://www.whoscored.com/Regions/252/Tournaments/2/Seasons/6829/England-Premier-League
2024-02-09 18:51:18,262 - root - INFO - Scraping game schedule for Friday, May 4 2018
2024-02-09 18:51:18,337 - root - INFO - Scraping game schedule for Saturday, May 5 2018
2024-02-09 18:51:18,620 - root - INFO - Scraping game schedule for Sunday, May 6 2018
2024-02-09 18:51:18,758 - root - INFO - Scraping game schedule for Tuesday, May 8 2018
2024-02-09 18:51:18,815 - root - INFO - Scraping game schedule for Wednesday, May 9 2018
2024-02-09 18:51:19,016 - root - INFO - Scraping game schedule for Thursday, May 10 2018
2024-02-09 18:51:19,074 - root - INFO - Scraping game schedule for Sunday, May 13 2018
2024-02-09 18:51:24,612 - root - DEBUG - Next page
2024-02-09 18:51:24,650 - root - INFO - Scraping game schedule for Sunday, Apr 1 2018
2024-02-09 18:51:24,747 - root - INFO - Scraping game schedule for Saturday, Apr 7 2018
2024-02-09 18:51:25,136 - root - INFO - Scraping game schedule for Sunday, Apr 8 2018
2024-02-09 18:51:25,238 - root - INFO - Scraping game schedule for Saturday, Apr 14 2018
2024-02-09 18:51:25,535 - root - INFO - Scraping game schedule for Sunday, Apr 15 2018
2024-02-09 18:51:25,631 - root - INFO - Scraping game schedule for Monday, Apr 16 2018
2024-02-09 18:51:25,689 - root - INFO - Scraping game schedule for Tuesday, Apr 17 2018
2024-02-09 18:51:25,745 - root - INFO - Scraping game schedule for Wednesday, Apr 18 2018
2024-02-09 18:51:25,802 - root - INFO - Scraping game schedule for Thursday, Apr 19 2018
2024-02-09 18:51:25,900 - root - INFO - Scraping game schedule for Saturday, Apr 21 2018
2024-02-09 18:51:25,997 - root - INFO - Scraping game schedule for Sunday, Apr 22 2018
2024-02-09 18:51:26,152 - root - INFO - Scraping game schedule for Monday, Apr 23 2018
2024-02-09 18:51:26,209 - root - INFO - Scraping game schedule for Saturday, Apr 28 2018
2024-02-09 18:51:26,512 - root - INFO - Scraping game schedule for Sunday, Apr 29 2018
2024-02-09 18:51:26,609 - root - INFO - Scraping game schedule for Monday, Apr 30 2018
2024-02-09 18:51:31,692 - root - DEBUG - Next page
2024-02-09 18:51:31,735 - root - INFO - Scraping game schedule for Thursday, Mar 1 2018
2024-02-09 18:51:31,811 - root - INFO - Scraping game schedule for Saturday, Mar 3 2018
2024-02-09 18:51:32,154 - root - INFO - Scraping game schedule for Sunday, Mar 4 2018
2024-02-09 18:51:32,294 - root - INFO - Scraping game schedule for Monday, Mar 5 2018
2024-02-09 18:51:32,377 - root - INFO - Scraping game schedule for Saturday, Mar 10 2018
2024-02-09 18:51:32,820 - root - INFO - Scraping game schedule for Sunday, Mar 11 2018
2024-02-09 18:51:32,964 - root - INFO - Scraping game schedule for Monday, Mar 12 2018
2024-02-09 18:51:33,048 - root - INFO - Scraping game schedule for Saturday, Mar 17 2018
2024-02-09 18:51:33,303 - root - INFO - Scraping game schedule for Saturday, Mar 31 2018
2024-02-09 18:51:38,858 - root - DEBUG - Next page
2024-02-09 18:51:38,894 - root - INFO - Scraping game schedule for Saturday, Feb 3 2018
2024-02-09 18:51:39,219 - root - INFO - Scraping game schedule for Sunday, Feb 4 2018
2024-02-09 18:51:39,317 - root - INFO - Scraping game schedule for Monday, Feb 5 2018
2024-02-09 18:51:39,378 - root - INFO - Scraping game schedule for Saturday, Feb 10 2018
2024-02-09 18:51:39,666 - root - INFO - Scraping game schedule for Sunday, Feb 11 2018
2024-02-09 18:51:39,824 - root - INFO - Scraping game schedule for Monday, Feb 12 2018
2024-02-09 18:51:39,893 - root - INFO - Scraping game schedule for Saturday, Feb 24 2018
2024-02-09 18:51:40,271 - root - INFO - Scraping game schedule for Sunday, Feb 25 2018
2024-02-09 18:51:45,419 - root - DEBUG - Next page
2024-02-09 18:51:45,463 - root - INFO - Scraping game schedule for Monday, Jan 1 2018
2024-02-09 18:51:45,704 - root - INFO - Scraping game schedule for Tuesday, Jan 2 2018
2024-02-09 18:51:45,915 - root - INFO - Scraping game schedule for Wednesday, Jan 3 2018
2024-02-09 18:51:45,974 - root - INFO - Scraping game schedule for Thursday, Jan 4 2018
2024-02-09 18:51:46,035 - root - INFO - Scraping game schedule for Saturday, Jan 13 2018
2024-02-09 18:51:46,377 - root - INFO - Scraping game schedule for Sunday, Jan 14 2018
2024-02-09 18:51:46,483 - root - INFO - Scraping game schedule for Monday, Jan 15 2018
2024-02-09 18:51:46,541 - root - INFO - Scraping game schedule for Saturday, Jan 20 2018
2024-02-09 18:51:46,911 - root - INFO - Scraping game schedule for Sunday, Jan 21 2018
2024-02-09 18:51:46,979 - root - INFO - Scraping game schedule for Monday, Jan 22 2018
2024-02-09 18:51:47,044 - root - INFO - Scraping game schedule for Tuesday, Jan 30 2018
2024-02-09 18:51:47,233 - root - INFO - Scraping game schedule for Wednesday, Jan 31 2018
2024-02-09 18:51:52,722 - root - DEBUG - Next page
2024-02-09 18:51:52,774 - root - INFO - Scraping game schedule for Saturday, Dec 2 2017
2024-02-09 18:51:53,149 - root - INFO - Scraping game schedule for Sunday, Dec 3 2017
2024-02-09 18:51:53,247 - root - INFO - Scraping game schedule for Saturday, Dec 9 2017
2024-02-09 18:51:53,577 - root - INFO - Scraping game schedule for Sunday, Dec 10 2017
2024-02-09 18:51:53,716 - root - INFO - Scraping game schedule for Tuesday, Dec 12 2017
2024-02-09 18:51:53,859 - root - INFO - Scraping game schedule for Wednesday, Dec 13 2017
2024-02-09 18:51:54,215 - root - INFO - Scraping game schedule for Saturday, Dec 16 2017
2024-02-09 18:51:54,554 - root - INFO - Scraping game schedule for Sunday, Dec 17 2017
2024-02-09 18:51:54,665 - root - INFO - Scraping game schedule for Monday, Dec 18 2017
2024-02-09 18:51:54,733 - root - INFO - Scraping game schedule for Friday, Dec 22 2017
2024-02-09 18:51:54,804 - root - INFO - Scraping game schedule for Saturday, Dec 23 2017
2024-02-09 18:51:55,307 - root - INFO - Scraping game schedule for Tuesday, Dec 26 2017
2024-02-09 18:51:55,794 - root - INFO - Scraping game schedule for Wednesday, Dec 27 2017
2024-02-09 18:51:55,872 - root - INFO - Scraping game schedule for Thursday, Dec 28 2017
2024-02-09 18:51:55,948 - root - INFO - Scraping game schedule for Saturday, Dec 30 2017
2024-02-09 18:51:56,365 - root - INFO - Scraping game schedule for Sunday, Dec 31 2017
2024-02-09 18:52:01,559 - root - DEBUG - Next page
2024-02-09 18:52:01,607 - root - INFO - Scraping game schedule for Saturday, Nov 4 2017
2024-02-09 18:52:01,869 - root - INFO - Scraping game schedule for Sunday, Nov 5 2017
2024-02-09 18:52:02,072 - root - INFO - Scraping game schedule for Saturday, Nov 18 2017
2024-02-09 18:52:02,435 - root - INFO - Scraping game schedule for Sunday, Nov 19 2017
2024-02-09 18:52:02,492 - root - INFO - Scraping game schedule for Monday, Nov 20 2017
2024-02-09 18:52:02,548 - root - INFO - Scraping game schedule for Friday, Nov 24 2017
2024-02-09 18:52:02,605 - root - INFO - Scraping game schedule for Saturday, Nov 25 2017
2024-02-09 18:52:02,900 - root - INFO - Scraping game schedule for Sunday, Nov 26 2017
2024-02-09 18:52:03,072 - root - INFO - Scraping game schedule for Tuesday, Nov 28 2017
2024-02-09 18:52:03,306 - root - INFO - Scraping game schedule for Wednesday, Nov 29 2017
2024-02-09 18:52:08,721 - root - DEBUG - Next page
2024-02-09 18:52:08,764 - root - INFO - Scraping game schedule for Sunday, Oct 1 2017
2024-02-09 18:52:08,904 - root - INFO - Scraping game schedule for Saturday, Oct 14 2017
2024-02-09 18:52:09,226 - root - INFO - Scraping game schedule for Sunday, Oct 15 2017
2024-02-09 18:52:09,325 - root - INFO - Scraping game schedule for Monday, Oct 16 2017
2024-02-09 18:52:09,381 - root - INFO - Scraping game schedule for Friday, Oct 20 2017
2024-02-09 18:52:09,438 - root - INFO - Scraping game schedule for Saturday, Oct 21 2017
2024-02-09 18:52:09,735 - root - INFO - Scraping game schedule for Sunday, Oct 22 2017
2024-02-09 18:52:09,832 - root - INFO - Scraping game schedule for Saturday, Oct 28 2017
2024-02-09 18:52:10,146 - root - INFO - Scraping game schedule for Sunday, Oct 29 2017
2024-02-09 18:52:10,247 - root - INFO - Scraping game schedule for Monday, Oct 30 2017
2024-02-09 18:52:15,318 - root - DEBUG - Next page
2024-02-09 18:52:15,358 - root - INFO - Scraping game schedule for Saturday, Sep 9 2017
2024-02-09 18:52:15,667 - root - INFO - Scraping game schedule for Sunday, Sep 10 2017
2024-02-09 18:52:15,775 - root - INFO - Scraping game schedule for Monday, Sep 11 2017
2024-02-09 18:52:15,853 - root - INFO - Scraping game schedule for Friday, Sep 15 2017
2024-02-09 18:52:15,913 - root - INFO - Scraping game schedule for Saturday, Sep 16 2017
2024-02-09 18:52:16,213 - root - INFO - Scraping game schedule for Sunday, Sep 17 2017
2024-02-09 18:52:16,335 - root - INFO - Scraping game schedule for Saturday, Sep 23 2017
2024-02-09 18:52:16,748 - root - INFO - Scraping game schedule for Sunday, Sep 24 2017
2024-02-09 18:52:16,813 - root - INFO - Scraping game schedule for Monday, Sep 25 2017
2024-02-09 18:52:16,895 - root - INFO - Scraping game schedule for Saturday, Sep 30 2017
2024-02-09 18:52:22,296 - root - DEBUG - Next page
2024-02-09 18:52:22,333 - root - INFO - Scraping game schedule for Friday, Aug 11 2017
2024-02-09 18:52:22,394 - root - INFO - Scraping game schedule for Saturday, Aug 12 2017
2024-02-09 18:52:22,725 - root - INFO - Scraping game schedule for Sunday, Aug 13 2017
2024-02-09 18:52:22,847 - root - INFO - Scraping game schedule for Saturday, Aug 19 2017
2024-02-09 18:52:23,296 - root - INFO - Scraping game schedule for Sunday, Aug 20 2017
2024-02-09 18:52:23,468 - root - INFO - Scraping game schedule for Monday, Aug 21 2017
2024-02-09 18:52:23,591 - root - INFO - Scraping game schedule for Saturday, Aug 26 2017
2024-02-09 18:52:24,058 - root - INFO - Scraping game schedule for Sunday, Aug 27 2017
2024-02-09 18:52:30,139 - root - INFO - Scraping game schedule from https://www.whoscored.com/Regions/81/Tournaments/3/Seasons/6902/Germany-Bundesliga
2024-02-09 18:52:30,179 - root - INFO - Scraping game schedule for Saturday, May 5 2018
2024-02-09 18:52:30,798 - root - INFO - Scraping game schedule for Saturday, May 12 2018
2024-02-09 18:52:36,461 - root - DEBUG - Next page
2024-02-09 18:52:36,495 - root - INFO - Scraping game schedule for Sunday, Apr 1 2018
2024-02-09 18:52:36,605 - root - INFO - Scraping game schedule for Friday, Apr 6 2018
2024-02-09 18:52:36,669 - root - INFO - Scraping game schedule for Saturday, Apr 7 2018
2024-02-09 18:52:36,916 - root - INFO - Scraping game schedule for Sunday, Apr 8 2018
2024-02-09 18:52:37,029 - root - INFO - Scraping game schedule for Monday, Apr 9 2018
2024-02-09 18:52:37,096 - root - INFO - Scraping game schedule for Friday, Apr 13 2018
2024-02-09 18:52:37,173 - root - INFO - Scraping game schedule for Saturday, Apr 14 2018
2024-02-09 18:52:37,488 - root - INFO - Scraping game schedule for Sunday, Apr 15 2018
2024-02-09 18:52:37,683 - root - INFO - Scraping game schedule for Monday, Apr 16 2018
2024-02-09 18:52:37,784 - root - INFO - Scraping game schedule for Friday, Apr 20 2018
2024-02-09 18:52:37,879 - root - INFO - Scraping game schedule for Saturday, Apr 21 2018
2024-02-09 18:52:38,292 - root - INFO - Scraping game schedule for Sunday, Apr 22 2018
2024-02-09 18:52:38,441 - root - INFO - Scraping game schedule for Friday, Apr 27 2018
2024-02-09 18:52:38,524 - root - INFO - Scraping game schedule for Saturday, Apr 28 2018
2024-02-09 18:52:38,959 - root - INFO - Scraping game schedule for Sunday, Apr 29 2018
2024-02-09 18:52:44,132 - root - DEBUG - Next page
2024-02-09 18:52:44,175 - root - INFO - Scraping game schedule for Friday, Mar 2 2018
2024-02-09 18:52:44,238 - root - INFO - Scraping game schedule for Saturday, Mar 3 2018
2024-02-09 18:52:44,517 - root - INFO - Scraping game schedule for Sunday, Mar 4 2018
2024-02-09 18:52:44,618 - root - INFO - Scraping game schedule for Friday, Mar 9 2018
2024-02-09 18:52:44,687 - root - INFO - Scraping game schedule for Saturday, Mar 10 2018
2024-02-09 18:52:44,952 - root - INFO - Scraping game schedule for Sunday, Mar 11 2018
2024-02-09 18:52:45,072 - root - INFO - Scraping game schedule for Monday, Mar 12 2018
2024-02-09 18:52:45,137 - root - INFO - Scraping game schedule for Friday, Mar 16 2018
2024-02-09 18:52:45,209 - root - INFO - Scraping game schedule for Saturday, Mar 17 2018
2024-02-09 18:52:45,532 - root - INFO - Scraping game schedule for Sunday, Mar 18 2018
2024-02-09 18:52:45,751 - root - INFO - Scraping game schedule for Saturday, Mar 31 2018
2024-02-09 18:52:51,308 - root - DEBUG - Next page
2024-02-09 18:52:51,346 - root - INFO - Scraping game schedule for Friday, Feb 2 2018
2024-02-09 18:52:51,408 - root - INFO - Scraping game schedule for Saturday, Feb 3 2018
2024-02-09 18:52:51,688 - root - INFO - Scraping game schedule for Sunday, Feb 4 2018
2024-02-09 18:52:51,804 - root - INFO - Scraping game schedule for Friday, Feb 9 2018
2024-02-09 18:52:51,872 - root - INFO - Scraping game schedule for Saturday, Feb 10 2018
2024-02-09 18:52:52,230 - root - INFO - Scraping game schedule for Sunday, Feb 11 2018
2024-02-09 18:52:52,364 - root - INFO - Scraping game schedule for Friday, Feb 16 2018
2024-02-09 18:52:52,444 - root - INFO - Scraping game schedule for Saturday, Feb 17 2018
2024-02-09 18:52:52,973 - root - INFO - Scraping game schedule for Sunday, Feb 18 2018
2024-02-09 18:52:53,412 - root - INFO - Scraping game schedule for Monday, Feb 19 2018
2024-02-09 18:52:53,693 - root - INFO - Scraping game schedule for Friday, Feb 23 2018
2024-02-09 18:52:53,890 - root - INFO - Scraping game schedule for Saturday, Feb 24 2018
2024-02-09 18:52:54,407 - root - INFO - Scraping game schedule for Sunday, Feb 25 2018
2024-02-09 18:52:54,579 - root - INFO - Scraping game schedule for Monday, Feb 26 2018
2024-02-09 18:52:59,731 - root - DEBUG - Next page
2024-02-09 18:52:59,800 - root - INFO - Scraping game schedule for Friday, Jan 12 2018
2024-02-09 18:52:59,940 - root - INFO - Scraping game schedule for Saturday, Jan 13 2018
2024-02-09 18:53:00,600 - root - INFO - Scraping game schedule for Sunday, Jan 14 2018
2024-02-09 18:53:00,847 - root - INFO - Scraping game schedule for Friday, Jan 19 2018
2024-02-09 18:53:00,983 - root - INFO - Scraping game schedule for Saturday, Jan 20 2018
2024-02-09 18:53:01,777 - root - INFO - Scraping game schedule for Sunday, Jan 21 2018
2024-02-09 18:53:02,123 - root - INFO - Scraping game schedule for Friday, Jan 26 2018
2024-02-09 18:53:02,375 - root - INFO - Scraping game schedule for Saturday, Jan 27 2018
2024-02-09 18:53:03,035 - root - INFO - Scraping game schedule for Sunday, Jan 28 2018
2024-02-09 18:53:08,251 - root - DEBUG - Next page
2024-02-09 18:53:08,294 - root - INFO - Scraping game schedule for Friday, Dec 1 2017
2024-02-09 18:53:08,363 - root - INFO - Scraping game schedule for Saturday, Dec 2 2017
2024-02-09 18:53:08,739 - root - INFO - Scraping game schedule for Sunday, Dec 3 2017
2024-02-09 18:53:08,890 - root - INFO - Scraping game schedule for Friday, Dec 8 2017
2024-02-09 18:53:08,977 - root - INFO - Scraping game schedule for Saturday, Dec 9 2017
2024-02-09 18:53:09,310 - root - INFO - Scraping game schedule for Sunday, Dec 10 2017
2024-02-09 18:53:09,541 - root - INFO - Scraping game schedule for Tuesday, Dec 12 2017
2024-02-09 18:53:09,808 - root - INFO - Scraping game schedule for Wednesday, Dec 13 2017
2024-02-09 18:53:10,118 - root - INFO - Scraping game schedule for Friday, Dec 15 2017
2024-02-09 18:53:10,196 - root - INFO - Scraping game schedule for Saturday, Dec 16 2017
2024-02-09 18:53:10,747 - root - INFO - Scraping game schedule for Sunday, Dec 17 2017
2024-02-09 18:53:15,957 - root - DEBUG - Next page
2024-02-09 18:53:16,017 - root - INFO - Scraping game schedule for Friday, Nov 3 2017
2024-02-09 18:53:16,123 - root - INFO - Scraping game schedule for Saturday, Nov 4 2017
2024-02-09 18:53:16,582 - root - INFO - Scraping game schedule for Sunday, Nov 5 2017
2024-02-09 18:53:16,729 - root - INFO - Scraping game schedule for Friday, Nov 17 2017
2024-02-09 18:53:16,812 - root - INFO - Scraping game schedule for Saturday, Nov 18 2017
2024-02-09 18:53:17,255 - root - INFO - Scraping game schedule for Sunday, Nov 19 2017
2024-02-09 18:53:17,423 - root - INFO - Scraping game schedule for Friday, Nov 24 2017
2024-02-09 18:53:17,520 - root - INFO - Scraping game schedule for Saturday, Nov 25 2017
2024-02-09 18:53:17,989 - root - INFO - Scraping game schedule for Sunday, Nov 26 2017
2024-02-09 18:53:23,200 - root - DEBUG - Next page
2024-02-09 18:53:23,242 - root - INFO - Scraping game schedule for Sunday, Oct 1 2017
2024-02-09 18:53:23,412 - root - INFO - Scraping game schedule for Friday, Oct 13 2017
2024-02-09 18:53:23,483 - root - INFO - Scraping game schedule for Saturday, Oct 14 2017
2024-02-09 18:53:23,842 - root - INFO - Scraping game schedule for Sunday, Oct 15 2017
2024-02-09 18:53:23,968 - root - INFO - Scraping game schedule for Friday, Oct 20 2017
2024-02-09 18:53:24,085 - root - INFO - Scraping game schedule for Saturday, Oct 21 2017
2024-02-09 18:53:24,454 - root - INFO - Scraping game schedule for Sunday, Oct 22 2017
2024-02-09 18:53:24,657 - root - INFO - Scraping game schedule for Friday, Oct 27 2017
2024-02-09 18:53:24,742 - root - INFO - Scraping game schedule for Saturday, Oct 28 2017
2024-02-09 18:53:25,151 - root - INFO - Scraping game schedule for Sunday, Oct 29 2017
2024-02-09 18:53:30,332 - root - DEBUG - Next page
2024-02-09 18:53:30,381 - root - INFO - Scraping game schedule for Friday, Sep 8 2017
2024-02-09 18:53:30,440 - root - INFO - Scraping game schedule for Saturday, Sep 9 2017
2024-02-09 18:53:30,718 - root - INFO - Scraping game schedule for Sunday, Sep 10 2017
2024-02-09 18:53:30,832 - root - INFO - Scraping game schedule for Friday, Sep 15 2017
2024-02-09 18:53:30,925 - root - INFO - Scraping game schedule for Saturday, Sep 16 2017
2024-02-09 18:53:31,178 - root - INFO - Scraping game schedule for Sunday, Sep 17 2017
2024-02-09 18:53:31,331 - root - INFO - Scraping game schedule for Tuesday, Sep 19 2017
2024-02-09 18:53:31,537 - root - INFO - Scraping game schedule for Wednesday, Sep 20 2017
2024-02-09 18:53:31,763 - root - INFO - Scraping game schedule for Friday, Sep 22 2017
2024-02-09 18:53:31,823 - root - INFO - Scraping game schedule for Saturday, Sep 23 2017
2024-02-09 18:53:32,143 - root - INFO - Scraping game schedule for Sunday, Sep 24 2017
2024-02-09 18:53:32,281 - root - INFO - Scraping game schedule for Friday, Sep 29 2017
2024-02-09 18:53:32,366 - root - INFO - Scraping game schedule for Saturday, Sep 30 2017
2024-02-09 18:53:37,740 - root - DEBUG - Next page
2024-02-09 18:53:37,807 - root - INFO - Scraping game schedule for Friday, Aug 18 2017
2024-02-09 18:53:37,943 - root - INFO - Scraping game schedule for Saturday, Aug 19 2017
2024-02-09 18:53:38,689 - root - INFO - Scraping game schedule for Sunday, Aug 20 2017
2024-02-09 18:53:39,015 - root - INFO - Scraping game schedule for Friday, Aug 25 2017
2024-02-09 18:53:39,207 - root - INFO - Scraping game schedule for Saturday, Aug 26 2017
2024-02-09 18:53:40,250 - root - INFO - Scraping game schedule for Sunday, Aug 27 2017
2024-02-09 18:53:47,077 - root - INFO - Scraping game schedule from https://www.whoscored.com/Regions/74/Tournaments/22/Seasons/6833/France-Ligue-1
2024-02-09 18:53:47,122 - root - INFO - Scraping game schedule for Friday, May 4 2018
2024-02-09 18:53:47,201 - root - INFO - Scraping game schedule for Sunday, May 6 2018
2024-02-09 18:53:48,553 - root - INFO - Scraping game schedule for Friday, May 11 2018
2024-02-09 18:53:48,894 - root - INFO - Scraping game schedule for Saturday, May 12 2018
2024-02-09 18:53:49,858 - root - INFO - Scraping game schedule for Saturday, May 19 2018
2024-02-09 18:53:55,732 - root - DEBUG - Next page
2024-02-09 18:53:55,770 - root - INFO - Scraping game schedule for Sunday, Apr 1 2018
2024-02-09 18:53:56,185 - root - INFO - Scraping game schedule for Wednesday, Apr 4 2018
2024-02-09 18:53:56,264 - root - INFO - Scraping game schedule for Friday, Apr 6 2018
2024-02-09 18:53:56,361 - root - INFO - Scraping game schedule for Saturday, Apr 7 2018
2024-02-09 18:53:56,848 - root - INFO - Scraping game schedule for Sunday, Apr 8 2018
2024-02-09 18:53:57,055 - root - INFO - Scraping game schedule for Friday, Apr 13 2018
2024-02-09 18:53:57,140 - root - INFO - Scraping game schedule for Saturday, Apr 14 2018
2024-02-09 18:53:57,503 - root - INFO - Scraping game schedule for Sunday, Apr 15 2018
2024-02-09 18:53:57,712 - root - INFO - Scraping game schedule for Friday, Apr 20 2018
2024-02-09 18:53:57,870 - root - INFO - Scraping game schedule for Saturday, Apr 21 2018
2024-02-09 18:53:58,246 - root - INFO - Scraping game schedule for Sunday, Apr 22 2018
2024-02-09 18:53:58,465 - root - INFO - Scraping game schedule for Wednesday, Apr 25 2018
2024-02-09 18:53:58,553 - root - INFO - Scraping game schedule for Friday, Apr 27 2018
2024-02-09 18:53:58,643 - root - INFO - Scraping game schedule for Saturday, Apr 28 2018
2024-02-09 18:53:59,040 - root - INFO - Scraping game schedule for Sunday, Apr 29 2018
2024-02-09 18:54:04,272 - root - DEBUG - Next page
2024-02-09 18:54:04,358 - root - INFO - Scraping game schedule for Friday, Mar 2 2018
2024-02-09 18:54:04,563 - root - INFO - Scraping game schedule for Saturday, Mar 3 2018
2024-02-09 18:54:05,253 - root - INFO - Scraping game schedule for Sunday, Mar 4 2018
2024-02-09 18:54:05,618 - root - INFO - Scraping game schedule for Friday, Mar 9 2018
2024-02-09 18:54:05,726 - root - INFO - Scraping game schedule for Saturday, Mar 10 2018
2024-02-09 18:54:06,222 - root - INFO - Scraping game schedule for Sunday, Mar 11 2018
2024-02-09 18:54:06,446 - root - INFO - Scraping game schedule for Wednesday, Mar 14 2018
2024-02-09 18:54:06,537 - root - INFO - Scraping game schedule for Friday, Mar 16 2018
2024-02-09 18:54:06,627 - root - INFO - Scraping game schedule for Saturday, Mar 17 2018
2024-02-09 18:54:06,957 - root - INFO - Scraping game schedule for Sunday, Mar 18 2018
2024-02-09 18:54:07,275 - root - INFO - Scraping game schedule for Saturday, Mar 31 2018
2024-02-09 18:54:12,452 - root - DEBUG - Next page
2024-02-09 18:54:12,505 - root - INFO - Scraping game schedule for Friday, Feb 2 2018
2024-02-09 18:54:12,565 - root - INFO - Scraping game schedule for Saturday, Feb 3 2018
2024-02-09 18:54:12,824 - root - INFO - Scraping game schedule for Sunday, Feb 4 2018
2024-02-09 18:54:12,999 - root - INFO - Scraping game schedule for Friday, Feb 9 2018
2024-02-09 18:54:13,069 - root - INFO - Scraping game schedule for Saturday, Feb 10 2018
2024-02-09 18:54:13,468 - root - INFO - Scraping game schedule for Sunday, Feb 11 2018
2024-02-09 18:54:13,668 - root - INFO - Scraping game schedule for Friday, Feb 16 2018
2024-02-09 18:54:13,751 - root - INFO - Scraping game schedule for Saturday, Feb 17 2018
2024-02-09 18:54:14,159 - root - INFO - Scraping game schedule for Sunday, Feb 18 2018
2024-02-09 18:54:14,467 - root - INFO - Scraping game schedule for Tuesday, Feb 20 2018
2024-02-09 18:54:14,627 - root - INFO - Scraping game schedule for Friday, Feb 23 2018
2024-02-09 18:54:14,763 - root - INFO - Scraping game schedule for Saturday, Feb 24 2018
2024-02-09 18:54:15,621 - root - INFO - Scraping game schedule for Sunday, Feb 25 2018
2024-02-09 18:54:21,067 - root - DEBUG - Next page
2024-02-09 18:54:21,112 - root - INFO - Scraping game schedule for Friday, Jan 12 2018
2024-02-09 18:54:21,172 - root - INFO - Scraping game schedule for Saturday, Jan 13 2018
2024-02-09 18:54:21,435 - root - INFO - Scraping game schedule for Sunday, Jan 14 2018
2024-02-09 18:54:21,609 - root - INFO - Scraping game schedule for Tuesday, Jan 16 2018
2024-02-09 18:54:21,773 - root - INFO - Scraping game schedule for Wednesday, Jan 17 2018
2024-02-09 18:54:22,107 - root - INFO - Scraping game schedule for Friday, Jan 19 2018
2024-02-09 18:54:22,173 - root - INFO - Scraping game schedule for Saturday, Jan 20 2018
2024-02-09 18:54:22,557 - root - INFO - Scraping game schedule for Sunday, Jan 21 2018
2024-02-09 18:54:22,761 - root - INFO - Scraping game schedule for Friday, Jan 26 2018
2024-02-09 18:54:22,842 - root - INFO - Scraping game schedule for Saturday, Jan 27 2018
2024-02-09 18:54:23,216 - root - INFO - Scraping game schedule for Sunday, Jan 28 2018
2024-02-09 18:54:28,483 - root - DEBUG - Next page
2024-02-09 18:54:28,552 - root - INFO - Scraping game schedule for Friday, Dec 1 2017
2024-02-09 18:54:28,611 - root - INFO - Scraping game schedule for Saturday, Dec 2 2017
2024-02-09 18:54:28,881 - root - INFO - Scraping game schedule for Sunday, Dec 3 2017
2024-02-09 18:54:29,049 - root - INFO - Scraping game schedule for Friday, Dec 8 2017
2024-02-09 18:54:29,124 - root - INFO - Scraping game schedule for Saturday, Dec 9 2017
2024-02-09 18:54:29,521 - root - INFO - Scraping game schedule for Sunday, Dec 10 2017
2024-02-09 18:54:29,719 - root - INFO - Scraping game schedule for Friday, Dec 15 2017
2024-02-09 18:54:29,800 - root - INFO - Scraping game schedule for Saturday, Dec 16 2017
2024-02-09 18:54:30,171 - root - INFO - Scraping game schedule for Sunday, Dec 17 2017
2024-02-09 18:54:30,361 - root - INFO - Scraping game schedule for Wednesday, Dec 20 2017
2024-02-09 18:54:36,054 - root - DEBUG - Next page
2024-02-09 18:54:36,096 - root - INFO - Scraping game schedule for Friday, Nov 3 2017
2024-02-09 18:54:36,160 - root - INFO - Scraping game schedule for Saturday, Nov 4 2017
2024-02-09 18:54:36,390 - root - INFO - Scraping game schedule for Sunday, Nov 5 2017
2024-02-09 18:54:36,585 - root - INFO - Scraping game schedule for Friday, Nov 17 2017
2024-02-09 18:54:36,709 - root - INFO - Scraping game schedule for Saturday, Nov 18 2017
2024-02-09 18:54:36,983 - root - INFO - Scraping game schedule for Sunday, Nov 19 2017
2024-02-09 18:54:37,168 - root - INFO - Scraping game schedule for Monday, Nov 20 2017
2024-02-09 18:54:37,270 - root - INFO - Scraping game schedule for Friday, Nov 24 2017
2024-02-09 18:54:37,352 - root - INFO - Scraping game schedule for Saturday, Nov 25 2017
2024-02-09 18:54:37,741 - root - INFO - Scraping game schedule for Sunday, Nov 26 2017
2024-02-09 18:54:37,993 - root - INFO - Scraping game schedule for Tuesday, Nov 28 2017
2024-02-09 18:54:38,226 - root - INFO - Scraping game schedule for Wednesday, Nov 29 2017
2024-02-09 18:54:43,727 - root - DEBUG - Next page
2024-02-09 18:54:43,770 - root - INFO - Scraping game schedule for Sunday, Oct 1 2017
2024-02-09 18:54:43,965 - root - INFO - Scraping game schedule for Friday, Oct 13 2017
2024-02-09 18:54:44,025 - root - INFO - Scraping game schedule for Saturday, Oct 14 2017
2024-02-09 18:54:44,324 - root - INFO - Scraping game schedule for Sunday, Oct 15 2017
2024-02-09 18:54:44,499 - root - INFO - Scraping game schedule for Friday, Oct 20 2017
2024-02-09 18:54:44,564 - root - INFO - Scraping game schedule for Saturday, Oct 21 2017
2024-02-09 18:54:44,908 - root - INFO - Scraping game schedule for Sunday, Oct 22 2017
2024-02-09 18:54:45,095 - root - INFO - Scraping game schedule for Friday, Oct 27 2017
2024-02-09 18:54:45,172 - root - INFO - Scraping game schedule for Saturday, Oct 28 2017
2024-02-09 18:54:45,544 - root - INFO - Scraping game schedule for Sunday, Oct 29 2017
2024-02-09 18:54:50,808 - root - DEBUG - Next page
2024-02-09 18:54:50,848 - root - INFO - Scraping game schedule for Friday, Sep 8 2017
2024-02-09 18:54:50,963 - root - INFO - Scraping game schedule for Saturday, Sep 9 2017
2024-02-09 18:54:51,193 - root - INFO - Scraping game schedule for Sunday, Sep 10 2017
2024-02-09 18:54:51,334 - root - INFO - Scraping game schedule for Friday, Sep 15 2017
2024-02-09 18:54:51,391 - root - INFO - Scraping game schedule for Saturday, Sep 16 2017
2024-02-09 18:54:51,643 - root - INFO - Scraping game schedule for Sunday, Sep 17 2017
2024-02-09 18:54:51,824 - root - INFO - Scraping game schedule for Friday, Sep 22 2017
2024-02-09 18:54:51,923 - root - INFO - Scraping game schedule for Saturday, Sep 23 2017
2024-02-09 18:54:52,145 - root - INFO - Scraping game schedule for Sunday, Sep 24 2017
2024-02-09 18:54:52,292 - root - INFO - Scraping game schedule for Friday, Sep 29 2017
2024-02-09 18:54:52,361 - root - INFO - Scraping game schedule for Saturday, Sep 30 2017
2024-02-09 18:54:57,698 - root - DEBUG - Next page
2024-02-09 18:54:57,739 - root - INFO - Scraping game schedule for Friday, Aug 4 2017
2024-02-09 18:54:57,798 - root - INFO - Scraping game schedule for Saturday, Aug 5 2017
2024-02-09 18:54:58,068 - root - INFO - Scraping game schedule for Sunday, Aug 6 2017
2024-02-09 18:54:58,215 - root - INFO - Scraping game schedule for Friday, Aug 11 2017
2024-02-09 18:54:58,314 - root - INFO - Scraping game schedule for Saturday, Aug 12 2017
2024-02-09 18:54:58,576 - root - INFO - Scraping game schedule for Sunday, Aug 13 2017
2024-02-09 18:54:58,721 - root - INFO - Scraping game schedule for Friday, Aug 18 2017
2024-02-09 18:54:58,784 - root - INFO - Scraping game schedule for Saturday, Aug 19 2017
2024-02-09 18:54:59,077 - root - INFO - Scraping game schedule for Sunday, Aug 20 2017
2024-02-09 18:54:59,223 - root - INFO - Scraping game schedule for Friday, Aug 25 2017
2024-02-09 18:54:59,285 - root - INFO - Scraping game schedule for Saturday, Aug 26 2017
2024-02-09 18:54:59,620 - root - INFO - Scraping game schedule for Sunday, Aug 27 2017
2024-02-09 18:54:59,844 - root - INFO - reading events of match=[1222251]
2024-02-09 18:55:01,283 - root - DEBUG - Retrieving https://www.whoscored.com from cache
2024-02-09 18:55:01,291 - root - DEBUG - Retrieving https://www.whoscored.com/Regions/252/Tournaments/2/England-Premier-League from cache
2024-02-09 18:55:01,310 - root - DEBUG - Retrieving https://www.whoscored.com/Regions/206/Tournaments/4/Spain-LaLiga from cache
2024-02-09 18:55:01,329 - root - DEBUG - Retrieving https://www.whoscored.com/Regions/74/Tournaments/22/France-Ligue-1 from cache
2024-02-09 18:55:01,347 - root - DEBUG - Retrieving https://www.whoscored.com/Regions/81/Tournaments/3/Germany-Bundesliga from cache
2024-02-09 18:55:01,373 - root - INFO - Retrieving game schedule of ESP-La Liga - 1718 from the cache
2024-02-09 18:55:01,385 - root - INFO - Retrieving game schedule of ENG-Premier League - 1718 from the cache
2024-02-09 18:55:01,391 - root - INFO - Retrieving game schedule of GER-Bundesliga - 1718 from the cache
2024-02-09 18:55:01,397 - root - INFO - Retrieving game schedule of FRA-Ligue 1 - 1718 from the cache
2024-02-09 18:55:01,456 - root - INFO - [1/1] Retrieving game with id=1222251
2024-02-09 18:55:01,459 - root - DEBUG - Scraping https://www.whoscored.com/Matches/1222251/Live
